Archive member included to satisfy reference by file (symbol)

c:/st/stm32cubeide_1.10.1/stm32cubeide/plugins/com.st.stm32cube.ide.mcu.externaltools.gnu-tools-for-stm32.10.3-2021.10.win32_1.0.200.202301161003/tools/bin/../lib/gcc/arm-none-eabi/10.3.1/../../../../arm-none-eabi/lib/thumb/v7e-m+fp/hard\libc_nano.a(lib_a-errno.o)
                              ./Core/Src/syscalls.o (__errno)
c:/st/stm32cubeide_1.10.1/stm32cubeide/plugins/com.st.stm32cube.ide.mcu.externaltools.gnu-tools-for-stm32.10.3-2021.10.win32_1.0.200.202301161003/tools/bin/../lib/gcc/arm-none-eabi/10.3.1/../../../../arm-none-eabi/lib/thumb/v7e-m+fp/hard\libc_nano.a(lib_a-exit.o)
                              c:/st/stm32cubeide_1.10.1/stm32cubeide/plugins/com.st.stm32cube.ide.mcu.externaltools.gnu-tools-for-stm32.10.3-2021.10.win32_1.0.200.202301161003/tools/bin/../lib/gcc/arm-none-eabi/10.3.1/../../../../arm-none-eabi/lib/thumb/v7e-m+fp/hard/crt0.o (exit)
c:/st/stm32cubeide_1.10.1/stm32cubeide/plugins/com.st.stm32cube.ide.mcu.externaltools.gnu-tools-for-stm32.10.3-2021.10.win32_1.0.200.202301161003/tools/bin/../lib/gcc/arm-none-eabi/10.3.1/../../../../arm-none-eabi/lib/thumb/v7e-m+fp/hard\libc_nano.a(lib_a-impure.o)
                              c:/st/stm32cubeide_1.10.1/stm32cubeide/plugins/com.st.stm32cube.ide.mcu.externaltools.gnu-tools-for-stm32.10.3-2021.10.win32_1.0.200.202301161003/tools/bin/../lib/gcc/arm-none-eabi/10.3.1/../../../../arm-none-eabi/lib/thumb/v7e-m+fp/hard\libc_nano.a(lib_a-exit.o) (_global_impure_ptr)
c:/st/stm32cubeide_1.10.1/stm32cubeide/plugins/com.st.stm32cube.ide.mcu.externaltools.gnu-tools-for-stm32.10.3-2021.10.win32_1.0.200.202301161003/tools/bin/../lib/gcc/arm-none-eabi/10.3.1/../../../../arm-none-eabi/lib/thumb/v7e-m+fp/hard\libc_nano.a(lib_a-init.o)
                              c:/st/stm32cubeide_1.10.1/stm32cubeide/plugins/com.st.stm32cube.ide.mcu.externaltools.gnu-tools-for-stm32.10.3-2021.10.win32_1.0.200.202301161003/tools/bin/../lib/gcc/arm-none-eabi/10.3.1/../../../../arm-none-eabi/lib/thumb/v7e-m+fp/hard/crt0.o (__libc_init_array)
c:/st/stm32cubeide_1.10.1/stm32cubeide/plugins/com.st.stm32cube.ide.mcu.externaltools.gnu-tools-for-stm32.10.3-2021.10.win32_1.0.200.202301161003/tools/bin/../lib/gcc/arm-none-eabi/10.3.1/../../../../arm-none-eabi/lib/thumb/v7e-m+fp/hard\libc_nano.a(lib_a-memcpy-stub.o)
                              ./ThirdParty/FreeRTOS/queue.o (memcpy)
c:/st/stm32cubeide_1.10.1/stm32cubeide/plugins/com.st.stm32cube.ide.mcu.externaltools.gnu-tools-for-stm32.10.3-2021.10.win32_1.0.200.202301161003/tools/bin/../lib/gcc/arm-none-eabi/10.3.1/../../../../arm-none-eabi/lib/thumb/v7e-m+fp/hard\libc_nano.a(lib_a-memset.o)
                              c:/st/stm32cubeide_1.10.1/stm32cubeide/plugins/com.st.stm32cube.ide.mcu.externaltools.gnu-tools-for-stm32.10.3-2021.10.win32_1.0.200.202301161003/tools/bin/../lib/gcc/arm-none-eabi/10.3.1/../../../../arm-none-eabi/lib/thumb/v7e-m+fp/hard/crt0.o (memset)
c:/st/stm32cubeide_1.10.1/stm32cubeide/plugins/com.st.stm32cube.ide.mcu.externaltools.gnu-tools-for-stm32.10.3-2021.10.win32_1.0.200.202301161003/tools/bin/../lib/gcc/arm-none-eabi/10.3.1/thumb/v7e-m+fp/hard\libgcc.a(_aeabi_uldivmod.o)
                              ./Drivers/STM32F4xx_HAL_Driver/Src/stm32f4xx_hal_rcc.o (__aeabi_uldivmod)
c:/st/stm32cubeide_1.10.1/stm32cubeide/plugins/com.st.stm32cube.ide.mcu.externaltools.gnu-tools-for-stm32.10.3-2021.10.win32_1.0.200.202301161003/tools/bin/../lib/gcc/arm-none-eabi/10.3.1/thumb/v7e-m+fp/hard\libgcc.a(_udivmoddi4.o)
                              c:/st/stm32cubeide_1.10.1/stm32cubeide/plugins/com.st.stm32cube.ide.mcu.externaltools.gnu-tools-for-stm32.10.3-2021.10.win32_1.0.200.202301161003/tools/bin/../lib/gcc/arm-none-eabi/10.3.1/thumb/v7e-m+fp/hard\libgcc.a(_aeabi_uldivmod.o) (__udivmoddi4)
c:/st/stm32cubeide_1.10.1/stm32cubeide/plugins/com.st.stm32cube.ide.mcu.externaltools.gnu-tools-for-stm32.10.3-2021.10.win32_1.0.200.202301161003/tools/bin/../lib/gcc/arm-none-eabi/10.3.1/thumb/v7e-m+fp/hard\libgcc.a(_dvmd_tls.o)
                              c:/st/stm32cubeide_1.10.1/stm32cubeide/plugins/com.st.stm32cube.ide.mcu.externaltools.gnu-tools-for-stm32.10.3-2021.10.win32_1.0.200.202301161003/tools/bin/../lib/gcc/arm-none-eabi/10.3.1/thumb/v7e-m+fp/hard\libgcc.a(_aeabi_uldivmod.o) (__aeabi_ldiv0)

Discarded input sections

 .text          0x0000000000000000        0x0 c:/st/stm32cubeide_1.10.1/stm32cubeide/plugins/com.st.stm32cube.ide.mcu.externaltools.gnu-tools-for-stm32.10.3-2021.10.win32_1.0.200.202301161003/tools/bin/../lib/gcc/arm-none-eabi/10.3.1/thumb/v7e-m+fp/hard/crti.o
 .data          0x0000000000000000        0x0 c:/st/stm32cubeide_1.10.1/stm32cubeide/plugins/com.st.stm32cube.ide.mcu.externaltools.gnu-tools-for-stm32.10.3-2021.10.win32_1.0.200.202301161003/tools/bin/../lib/gcc/arm-none-eabi/10.3.1/thumb/v7e-m+fp/hard/crti.o
[...]
Memory Configuration

Name             Origin             Length             Attributes
CCMRAM           0x0000000010000000 0x0000000000010000 xrw
RAM              0x0000000020000000 0x0000000000020000 xrw
FLASH            0x0000000008000000 0x0000000000100000 xr
*default*        0x0000000000000000 0xffffffffffffffff

Linker script and memory map

LOAD c:/st/stm32cubeide_1.10.1/stm32cubeide/plugins/com.st.stm32cube.ide.mcu.externaltools.gnu-tools-for-stm32.10.3-2021.10.win32_1.0.200.202301161003/tools/bin/../lib/gcc/arm-none-eabi/10.3.1/thumb/v7e-m+fp/hard/crti.o
LOAD c:/st/stm32cubeide_1.10.1/stm32cubeide/plugins/com.st.stm32cube.ide.mcu.externaltools.gnu-tools-for-stm32.10.3-2021.10.win32_1.0.200.202301161003/tools/bin/../lib/gcc/arm-none-eabi/10.3.1/thumb/v7e-m+fp/hard/crtbegin.o
LOAD c:/st/stm32cubeide_1.10.1/stm32cubeide/plugins/com.st.stm32cube.ide.mcu.externaltools.gnu-tools-for-stm32.10.3-2021.10.win32_1.0.200.202301161003/tools/bin/../lib/gcc/arm-none-eabi/10.3.1/../../../../arm-none-eabi/lib/thumb/v7e-m+fp/hard/crt0.o
LOAD ./Core/Src/main.o
LOAD ./Core/Src/stm32f4xx_hal_msp.o
LOAD ./Core/Src/stm32f4xx_hal_timebase_tim.o
LOAD ./Core/Src/stm32f4xx_it.o
LOAD ./Core/Src/syscalls.o
LOAD ./Core/Src/system_stm32f4xx.o
LOAD ./Core/Startup/startup_stm32f407vgtx.o
LOAD ./Drivers/STM32F4xx_HAL_Driver/Src/stm32f4xx_hal.o
LOAD ./Drivers/STM32F4xx_HAL_Driver/Src/stm32f4xx_hal_cortex.o
LOAD ./Drivers/STM32F4xx_HAL_Driver/Src/stm32f4xx_hal_dma.o
LOAD ./Drivers/STM32F4xx_HAL_Driver/Src/stm32f4xx_hal_dma_ex.o
LOAD ./Drivers/STM32F4xx_HAL_Driver/Src/stm32f4xx_hal_exti.o
LOAD ./Drivers/STM32F4xx_HAL_Driver/Src/stm32f4xx_hal_flash.o
LOAD ./Drivers/STM32F4xx_HAL_Driver/Src/stm32f4xx_hal_flash_ex.o
LOAD ./Drivers/STM32F4xx_HAL_Driver/Src/stm32f4xx_hal_flash_ramfunc.o
LOAD ./Drivers/STM32F4xx_HAL_Driver/Src/stm32f4xx_hal_gpio.o
LOAD ./Drivers/STM32F4xx_HAL_Driver/Src/stm32f4xx_hal_pwr.o
LOAD ./Drivers/STM32F4xx_HAL_Driver/Src/stm32f4xx_hal_pwr_ex.o
LOAD ./Drivers/STM32F4xx_HAL_Driver/Src/stm32f4xx_hal_rcc.o
LOAD ./Drivers/STM32F4xx_HAL_Driver/Src/stm32f4xx_hal_rcc_ex.o
LOAD ./Drivers/STM32F4xx_HAL_Driver/Src/stm32f4xx_hal_tim.o
LOAD ./Drivers/STM32F4xx_HAL_Driver/Src/stm32f4xx_hal_tim_ex.o
LOAD ./Drivers/STM32F4xx_HAL_Driver/Src/stm32f4xx_hal_uart.o
LOAD ./ThirdParty/FreeRTOS/croutine.o
LOAD ./ThirdParty/FreeRTOS/event_groups.o
LOAD ./ThirdParty/FreeRTOS/list.o
LOAD ./ThirdParty/FreeRTOS/queue.o
LOAD ./ThirdParty/FreeRTOS/stream_buffer.o
LOAD ./ThirdParty/FreeRTOS/tasks.o
LOAD ./ThirdParty/FreeRTOS/timers.o
LOAD ./ThirdParty/FreeRTOS/portable/GCC/ARM_CM4F/port.o
LOAD ./ThirdParty/FreeRTOS/portable/MemMang/heap_4.o
START GROUP
LOAD c:/st/stm32cubeide_1.10.1/stm32cubeide/plugins/com.st.stm32cube.ide.mcu.externaltools.gnu-tools-for-stm32.10.3-2021.10.win32_1.0.200.202301161003/tools/bin/../lib/gcc/arm-none-eabi/10.3.1/../../../../arm-none-eabi/lib/thumb/v7e-m+fp/hard\libc_nano.a
LOAD c:/st/stm32cubeide_1.10.1/stm32cubeide/plugins/com.st.stm32cube.ide.mcu.externaltools.gnu-tools-for-stm32.10.3-2021.10.win32_1.0.200.202301161003/tools/bin/../lib/gcc/arm-none-eabi/10.3.1/../../../../arm-none-eabi/lib/thumb/v7e-m+fp/hard\libm.a
END GROUP
START GROUP
LOAD c:/st/stm32cubeide_1.10.1/stm32cubeide/plugins/com.st.stm32cube.ide.mcu.externaltools.gnu-tools-for-stm32.10.3-2021.10.win32_1.0.200.202301161003/tools/bin/../lib/gcc/arm-none-eabi/10.3.1/thumb/v7e-m+fp/hard\libgcc.a
LOAD c:/st/stm32cubeide_1.10.1/stm32cubeide/plugins/com.st.stm32cube.ide.mcu.externaltools.gnu-tools-for-stm32.10.3-2021.10.win32_1.0.200.202301161003/tools/bin/../lib/gcc/arm-none-eabi/10.3.1/../../../../arm-none-eabi/lib/thumb/v7e-m+fp/hard\libc_nano.a
END GROUP
START GROUP
LOAD c:/st/stm32cubeide_1.10.1/stm32cubeide/plugins/com.st.stm32cube.ide.mcu.externaltools.gnu-tools-for-stm32.10.3-2021.10.win32_1.0.200.202301161003/tools/bin/../lib/gcc/arm-none-eabi/10.3.1/thumb/v7e-m+fp/hard\libgcc.a
LOAD c:/st/stm32cubeide_1.10.1/stm32cubeide/plugins/com.st.stm32cube.ide.mcu.externaltools.gnu-tools-for-stm32.10.3-2021.10.win32_1.0.200.202301161003/tools/bin/../lib/gcc/arm-none-eabi/10.3.1/../../../../arm-none-eabi/lib/thumb/v7e-m+fp/hard\libc_nano.a
LOAD c:/st/stm32cubeide_1.10.1/stm32cubeide/plugins/com.st.stm32cube.ide.mcu.externaltools.gnu-tools-for-stm32.10.3-2021.10.win32_1.0.200.202301161003/tools/bin/../lib/gcc/arm-none-eabi/10.3.1/../../../../arm-none-eabi/lib/thumb/v7e-m+fp/hard\libnosys.a
END GROUP
START GROUP
LOAD c:/st/stm32cubeide_1.10.1/stm32cubeide/plugins/com.st.stm32cube.ide.mcu.externaltools.gnu-tools-for-stm32.10.3-2021.10.win32_1.0.200.202301161003/tools/bin/../lib/gcc/arm-none-eabi/10.3.1/thumb/v7e-m+fp/hard\libgcc.a
LOAD c:/st/stm32cubeide_1.10.1/stm32cubeide/plugins/com.st.stm32cube.ide.mcu.externaltools.gnu-tools-for-stm32.10.3-2021.10.win32_1.0.200.202301161003/tools/bin/../lib/gcc/arm-none-eabi/10.3.1/../../../../arm-none-eabi/lib/thumb/v7e-m+fp/hard\libc_nano.a
LOAD c:/st/stm32cubeide_1.10.1/stm32cubeide/plugins/com.st.stm32cube.ide.mcu.externaltools.gnu-tools-for-stm32.10.3-2021.10.win32_1.0.200.202301161003/tools/bin/../lib/gcc/arm-none-eabi/10.3.1/../../../../arm-none-eabi/lib/thumb/v7e-m+fp/hard\libnosys.a
END GROUP
LOAD c:/st/stm32cubeide_1.10.1/stm32cubeide/plugins/com.st.stm32cube.ide.mcu.externaltools.gnu-tools-for-stm32.10.3-2021.10.win32_1.0.200.202301161003/tools/bin/../lib/gcc/arm-none-eabi/10.3.1/thumb/v7e-m+fp/hard/crtend.o
LOAD c:/st/stm32cubeide_1.10.1/stm32cubeide/plugins/com.st.stm32cube.ide.mcu.externaltools.gnu-tools-for-stm32.10.3-2021.10.win32_1.0.200.202301161003/tools/bin/../lib/gcc/arm-none-eabi/10.3.1/thumb/v7e-m+fp/hard/crtn.o
                0x0000000020020000                _estack = (ORIGIN (RAM) + LENGTH (RAM))
                0x0000000000000200                _Min_Heap_Size = 0x200
                0x0000000000000400                _Min_Stack_Size = 0x400

.isr_vector     0x0000000008000000      0x188
                0x0000000008000000                . = ALIGN (0x4)
 *(.isr_vector)
 .isr_vector    0x0000000008000000      0x188 ./Core/Startup/startup_stm32f407vgtx.o
                0x0000000008000000                g_pfnVectors
                0x0000000008000188                . = ALIGN (0x4)

.text           0x0000000008000190     0x5af0
                0x0000000008000190                . = ALIGN (0x4)
 *(.text)
 .text          0x0000000008000190       0x40 c:/st/stm32cubeide_1.10.1/stm32cubeide/plugins/com.st.stm32cube.ide.mcu.externaltools.gnu-tools-for-stm32.10.3-2021.10.win32_1.0.200.202301161003/tools/bin/../lib/gcc/arm-none-eabi/10.3.1/thumb/v7e-m+fp/hard/crtbegin.o
 .text          0x00000000080001d0       0x30 c:/st/stm32cubeide_1.10.1/stm32cubeide/plugins/com.st.stm32cube.ide.mcu.externaltools.gnu-tools-for-stm32.10.3-2021.10.win32_1.0.200.202301161003/tools/bin/../lib/gcc/arm-none-eabi/10.3.1/thumb/v7e-m+fp/hard\libgcc.a(_aeabi_uldivmod.o)
                0x00000000080001d0                __aeabi_uldivmod
 .text          0x0000000008000200      0x2d0 c:/st/stm32cubeide_1.10.1/stm32cubeide/plugins/com.st.stm32cube.ide.mcu.externaltools.gnu-tools-for-stm32.10.3-2021.10.win32_1.0.200.202301161003/tools/bin/../lib/gcc/arm-none-eabi/10.3.1/thumb/v7e-m+fp/hard\libgcc.a(_udivmoddi4.o)
                0x0000000008000200                __udivmoddi4
 .text          0x00000000080004d0        0x4 c:/st/stm32cubeide_1.10.1/stm32cubeide/plugins/com.st.stm32cube.ide.mcu.externaltools.gnu-tools-for-stm32.10.3-2021.10.win32_1.0.200.202301161003/tools/bin/../lib/gcc/arm-none-eabi/10.3.1/thumb/v7e-m+fp/hard\libgcc.a(_dvmd_tls.o)
                0x00000000080004d0                __aeabi_idiv0
                0x00000000080004d0                __aeabi_ldiv0
 *(.text*)
 .text.main     0x00000000080004d4      0x108 ./Core/Src/main.o
                0x00000000080004d4                main
 .text.SystemClock_Config
                0x00000000080005dc       0xd4 ./Core/Src/main.o
                0x00000000080005dc                SystemClock_Config
 .text.MX_USART2_UART_Init
                0x00000000080006b0       0x54 ./Core/Src/main.o
 .text.MX_DMA_Init
                0x0000000008000704       0x50 ./Core/Src/main.o
 .text.MX_GPIO_Init
                0x0000000008000754      0x2bc ./Core/Src/main.o
 .text.task1Handler
                0x0000000008000a10       0x2c ./Core/Src/main.o
 .text.task2Handler
                0x0000000008000a3c       0x28 ./Core/Src/main.o
 .text.HAL_TIM_PeriodElapsedCallback
                0x0000000008000a64       0x24 ./Core/Src/main.o
                0x0000000008000a64                HAL_TIM_PeriodElapsedCallback
 .text.Error_Handler
                0x0000000008000a88        0xa ./Core/Src/main.o
                0x0000000008000a88                Error_Handler
 *fill*         0x0000000008000a92        0x2 
 .text.HAL_MspInit
                0x0000000008000a94       0x50 ./Core/Src/stm32f4xx_hal_msp.o
                0x0000000008000a94                HAL_MspInit
 .text.HAL_UART_MspInit
                0x0000000008000ae4      0x168 ./Core/Src/stm32f4xx_hal_msp.o
                0x0000000008000ae4                HAL_UART_MspInit
 .text.HAL_InitTick
                0x0000000008000c4c       0xf8 ./Core/Src/stm32f4xx_hal_timebase_tim.o
                0x0000000008000c4c                HAL_InitTick
 .text.NMI_Handler
                0x0000000008000d44        0x6 ./Core/Src/stm32f4xx_it.o
                0x0000000008000d44                NMI_Handler
 .text.HardFault_Handler
                0x0000000008000d4a        0x6 ./Core/Src/stm32f4xx_it.o
                0x0000000008000d4a                HardFault_Handler
 .text.MemManage_Handler
                0x0000000008000d50        0x6 ./Core/Src/stm32f4xx_it.o
                0x0000000008000d50                MemManage_Handler
 .text.BusFault_Handler
                0x0000000008000d56        0x6 ./Core/Src/stm32f4xx_it.o
                0x0000000008000d56                BusFault_Handler
 .text.UsageFault_Handler
                0x0000000008000d5c        0x6 ./Core/Src/stm32f4xx_it.o
                0x0000000008000d5c                UsageFault_Handler
 .text.DebugMon_Handler
                0x0000000008000d62        0xe ./Core/Src/stm32f4xx_it.o
                0x0000000008000d62                DebugMon_Handler
 .text.DMA1_Stream5_IRQHandler
                0x0000000008000d70       0x14 ./Core/Src/stm32f4xx_it.o
                0x0000000008000d70                DMA1_Stream5_IRQHandler
 .text.DMA1_Stream6_IRQHandler
                0x0000000008000d84       0x14 ./Core/Src/stm32f4xx_it.o
                0x0000000008000d84                DMA1_Stream6_IRQHandler
 .text.USART2_IRQHandler
                0x0000000008000d98       0x14 ./Core/Src/stm32f4xx_it.o
                0x0000000008000d98                USART2_IRQHandler
 .text.TIM6_DAC_IRQHandler
                0x0000000008000dac       0x14 ./Core/Src/stm32f4xx_it.o
                0x0000000008000dac                TIM6_DAC_IRQHandler
 .text.SystemInit
                0x0000000008000dc0       0x24 ./Core/Src/system_stm32f4xx.o
                0x0000000008000dc0                SystemInit
 .text.Reset_Handler
                0x0000000008000de4       0x50 ./Core/Startup/startup_stm32f407vgtx.o
                0x0000000008000de4                Reset_Handler
 .text.Default_Handler
                0x0000000008000e34        0x2 ./Core/Startup/startup_stm32f407vgtx.o
                0x0000000008000e34                RTC_Alarm_IRQHandler
                0x0000000008000e34                HASH_RNG_IRQHandler
                0x0000000008000e34                EXTI2_IRQHandler
                0x0000000008000e34                TIM8_CC_IRQHandler
                0x0000000008000e34                TIM1_CC_IRQHandler
                0x0000000008000e34                DMA2_Stream5_IRQHandler
                0x0000000008000e34                PVD_IRQHandler
                0x0000000008000e34                SDIO_IRQHandler
                0x0000000008000e34                TAMP_STAMP_IRQHandler
                0x0000000008000e34                CAN2_RX1_IRQHandler
                0x0000000008000e34                EXTI3_IRQHandler
                0x0000000008000e34                TIM8_TRG_COM_TIM14_IRQHandler
                0x0000000008000e34                TIM1_UP_TIM10_IRQHandler
                0x0000000008000e34                TIM8_UP_TIM13_IRQHandler
                0x0000000008000e34                I2C3_ER_IRQHandler
                0x0000000008000e34                EXTI0_IRQHandler
                0x0000000008000e34                I2C2_EV_IRQHandler
                0x0000000008000e34                DMA1_Stream2_IRQHandler
                0x0000000008000e34                CAN1_RX0_IRQHandler
                0x0000000008000e34                FPU_IRQHandler
                0x0000000008000e34                OTG_HS_WKUP_IRQHandler
                0x0000000008000e34                CAN2_SCE_IRQHandler
                0x0000000008000e34                DMA2_Stream2_IRQHandler
                0x0000000008000e34                SPI1_IRQHandler
                0x0000000008000e34                TIM1_BRK_TIM9_IRQHandler
                0x0000000008000e34                DCMI_IRQHandler
                0x0000000008000e34                CAN2_RX0_IRQHandler
                0x0000000008000e34                DMA2_Stream3_IRQHandler
                0x0000000008000e34                USART6_IRQHandler
                0x0000000008000e34                USART3_IRQHandler
                0x0000000008000e34                CAN1_RX1_IRQHandler
                0x0000000008000e34                UART5_IRQHandler
                0x0000000008000e34                DMA2_Stream0_IRQHandler
                0x0000000008000e34                TIM4_IRQHandler
                0x0000000008000e34                I2C1_EV_IRQHandler
                0x0000000008000e34                DMA1_Stream1_IRQHandler
                0x0000000008000e34                UART4_IRQHandler
                0x0000000008000e34                TIM3_IRQHandler
                0x0000000008000e34                RCC_IRQHandler
                0x0000000008000e34                TIM8_BRK_TIM12_IRQHandler
                0x0000000008000e34                Default_Handler
                0x0000000008000e34                EXTI15_10_IRQHandler
                0x0000000008000e34                ADC_IRQHandler
                0x0000000008000e34                DMA1_Stream7_IRQHandler
                0x0000000008000e34                TIM7_IRQHandler
                0x0000000008000e34                CAN2_TX_IRQHandler
                0x0000000008000e34                TIM5_IRQHandler
                0x0000000008000e34                DMA2_Stream7_IRQHandler
                0x0000000008000e34                I2C3_EV_IRQHandler
                0x0000000008000e34                EXTI9_5_IRQHandler
                0x0000000008000e34                RTC_WKUP_IRQHandler
                0x0000000008000e34                ETH_WKUP_IRQHandler
                0x0000000008000e34                SPI2_IRQHandler
                0x0000000008000e34                OTG_HS_EP1_IN_IRQHandler
                0x0000000008000e34                DMA1_Stream0_IRQHandler
                0x0000000008000e34                CAN1_TX_IRQHandler
                0x0000000008000e34                EXTI4_IRQHandler
                0x0000000008000e34                FSMC_IRQHandler
                0x0000000008000e34                ETH_IRQHandler
                0x0000000008000e34                OTG_HS_EP1_OUT_IRQHandler
                0x0000000008000e34                WWDG_IRQHandler
                0x0000000008000e34                TIM2_IRQHandler
                0x0000000008000e34                OTG_FS_WKUP_IRQHandler
                0x0000000008000e34                TIM1_TRG_COM_TIM11_IRQHandler
                0x0000000008000e34                OTG_HS_IRQHandler
                0x0000000008000e34                EXTI1_IRQHandler
                0x0000000008000e34                I2C2_ER_IRQHandler
                0x0000000008000e34                DMA2_Stream1_IRQHandler
                0x0000000008000e34                CAN1_SCE_IRQHandler
                0x0000000008000e34                FLASH_IRQHandler
                0x0000000008000e34                DMA2_Stream4_IRQHandler
                0x0000000008000e34                USART1_IRQHandler
                0x0000000008000e34                OTG_FS_IRQHandler
                0x0000000008000e34                SPI3_IRQHandler
                0x0000000008000e34                DMA1_Stream4_IRQHandler
                0x0000000008000e34                I2C1_ER_IRQHandler
                0x0000000008000e34                DMA2_Stream6_IRQHandler
                0x0000000008000e34                DMA1_Stream3_IRQHandler
 *fill*         0x0000000008000e36        0x2 
 .text.HAL_Init
                0x0000000008000e38       0x44 ./Drivers/STM32F4xx_HAL_Driver/Src/stm32f4xx_hal.o
                0x0000000008000e38                HAL_Init
 .text.HAL_IncTick
                0x0000000008000e7c       0x28 ./Drivers/STM32F4xx_HAL_Driver/Src/stm32f4xx_hal.o
                0x0000000008000e7c                HAL_IncTick
 .text.HAL_GetTick
                0x0000000008000ea4       0x18 ./Drivers/STM32F4xx_HAL_Driver/Src/stm32f4xx_hal.o
                0x0000000008000ea4                HAL_GetTick
 .text.__NVIC_SetPriorityGrouping
                0x0000000008000ebc       0x48 ./Drivers/STM32F4xx_HAL_Driver/Src/stm32f4xx_hal_cortex.o
 .text.__NVIC_GetPriorityGrouping
                0x0000000008000f04       0x1c ./Drivers/STM32F4xx_HAL_Driver/Src/stm32f4xx_hal_cortex.o
 .text.__NVIC_EnableIRQ
                0x0000000008000f20       0x3c ./Drivers/STM32F4xx_HAL_Driver/Src/stm32f4xx_hal_cortex.o
 .text.__NVIC_SetPriority
                0x0000000008000f5c       0x54 ./Drivers/STM32F4xx_HAL_Driver/Src/stm32f4xx_hal_cortex.o
 .text.NVIC_EncodePriority
                0x0000000008000fb0       0x66 ./Drivers/STM32F4xx_HAL_Driver/Src/stm32f4xx_hal_cortex.o
 .text.HAL_NVIC_SetPriorityGrouping
                0x0000000008001016       0x16 ./Drivers/STM32F4xx_HAL_Driver/Src/stm32f4xx_hal_cortex.o
                0x0000000008001016                HAL_NVIC_SetPriorityGrouping
 .text.HAL_NVIC_SetPriority
                0x000000000800102c       0x38 ./Drivers/STM32F4xx_HAL_Driver/Src/stm32f4xx_hal_cortex.o
                0x000000000800102c                HAL_NVIC_SetPriority
 .text.HAL_NVIC_EnableIRQ
                0x0000000008001064       0x1c ./Drivers/STM32F4xx_HAL_Driver/Src/stm32f4xx_hal_cortex.o
                0x0000000008001064                HAL_NVIC_EnableIRQ
 .text.HAL_DMA_Init
                0x0000000008001080      0x15c ./Drivers/STM32F4xx_HAL_Driver/Src/stm32f4xx_hal_dma.o
                0x0000000008001080                HAL_DMA_Init
 .text.HAL_DMA_Abort
                0x00000000080011dc       0xe0 ./Drivers/STM32F4xx_HAL_Driver/Src/stm32f4xx_hal_dma.o
                0x00000000080011dc                HAL_DMA_Abort
 .text.HAL_DMA_Abort_IT
                0x00000000080012bc       0x44 ./Drivers/STM32F4xx_HAL_Driver/Src/stm32f4xx_hal_dma.o
                0x00000000080012bc                HAL_DMA_Abort_IT
 .text.HAL_DMA_IRQHandler
                0x0000000008001300      0x314 ./Drivers/STM32F4xx_HAL_Driver/Src/stm32f4xx_hal_dma.o
                0x0000000008001300                HAL_DMA_IRQHandler
 .text.DMA_CalcBaseAndBitshift
                0x0000000008001614       0x6c ./Drivers/STM32F4xx_HAL_Driver/Src/stm32f4xx_hal_dma.o
 .text.DMA_CheckFifoParam
                0x0000000008001680       0xf8 ./Drivers/STM32F4xx_HAL_Driver/Src/stm32f4xx_hal_dma.o
 .text.HAL_GPIO_Init
                0x0000000008001778      0x338 ./Drivers/STM32F4xx_HAL_Driver/Src/stm32f4xx_hal_gpio.o
                0x0000000008001778                HAL_GPIO_Init
 .text.HAL_GPIO_WritePin
                0x0000000008001ab0       0x32 ./Drivers/STM32F4xx_HAL_Driver/Src/stm32f4xx_hal_gpio.o
                0x0000000008001ab0                HAL_GPIO_WritePin
 .text.HAL_GPIO_TogglePin
                0x0000000008001ae2       0x34 ./Drivers/STM32F4xx_HAL_Driver/Src/stm32f4xx_hal_gpio.o
                0x0000000008001ae2                HAL_GPIO_TogglePin
 *fill*         0x0000000008001b16        0x2 
 .text.HAL_RCC_OscConfig
                0x0000000008001b18      0x4f0 ./Drivers/STM32F4xx_HAL_Driver/Src/stm32f4xx_hal_rcc.o
                0x0000000008001b18                HAL_RCC_OscConfig
 .text.HAL_RCC_ClockConfig
                0x0000000008002008      0x1cc ./Drivers/STM32F4xx_HAL_Driver/Src/stm32f4xx_hal_rcc.o
                0x0000000008002008                HAL_RCC_ClockConfig
 .text.HAL_RCC_GetSysClockFreq
                0x00000000080021d4      0x20c ./Drivers/STM32F4xx_HAL_Driver/Src/stm32f4xx_hal_rcc.o
                0x00000000080021d4                HAL_RCC_GetSysClockFreq
 .text.HAL_RCC_GetHCLKFreq
                0x00000000080023e0       0x18 ./Drivers/STM32F4xx_HAL_Driver/Src/stm32f4xx_hal_rcc.o
                0x00000000080023e0                HAL_RCC_GetHCLKFreq
 .text.HAL_RCC_GetPCLK1Freq
                0x00000000080023f8       0x28 ./Drivers/STM32F4xx_HAL_Driver/Src/stm32f4xx_hal_rcc.o
                0x00000000080023f8                HAL_RCC_GetPCLK1Freq
 .text.HAL_RCC_GetPCLK2Freq
                0x0000000008002420       0x28 ./Drivers/STM32F4xx_HAL_Driver/Src/stm32f4xx_hal_rcc.o
                0x0000000008002420                HAL_RCC_GetPCLK2Freq
 .text.HAL_RCC_GetClockConfig
                0x0000000008002448       0x64 ./Drivers/STM32F4xx_HAL_Driver/Src/stm32f4xx_hal_rcc.o
                0x0000000008002448                HAL_RCC_GetClockConfig
 .text.HAL_TIM_Base_Init
                0x00000000080024ac       0x9e ./Drivers/STM32F4xx_HAL_Driver/Src/stm32f4xx_hal_tim.o
                0x00000000080024ac                HAL_TIM_Base_Init
 .text.HAL_TIM_Base_MspInit
                0x000000000800254a       0x14 ./Drivers/STM32F4xx_HAL_Driver/Src/stm32f4xx_hal_tim.o
                0x000000000800254a                HAL_TIM_Base_MspInit
 *fill*         0x000000000800255e        0x2 
 .text.HAL_TIM_Base_Start_IT
                0x0000000008002560       0xe0 ./Drivers/STM32F4xx_HAL_Driver/Src/stm32f4xx_hal_tim.o
                0x0000000008002560                HAL_TIM_Base_Start_IT
 .text.HAL_TIM_IRQHandler
                0x0000000008002640      0x210 ./Drivers/STM32F4xx_HAL_Driver/Src/stm32f4xx_hal_tim.o
                0x0000000008002640                HAL_TIM_IRQHandler
 .text.HAL_TIM_OC_DelayElapsedCallback
                0x0000000008002850       0x14 ./Drivers/STM32F4xx_HAL_Driver/Src/stm32f4xx_hal_tim.o
                0x0000000008002850                HAL_TIM_OC_DelayElapsedCallback
 .text.HAL_TIM_IC_CaptureCallback
                0x0000000008002864       0x14 ./Drivers/STM32F4xx_HAL_Driver/Src/stm32f4xx_hal_tim.o
                0x0000000008002864                HAL_TIM_IC_CaptureCallback
 .text.HAL_TIM_PWM_PulseFinishedCallback
                0x0000000008002878       0x14 ./Drivers/STM32F4xx_HAL_Driver/Src/stm32f4xx_hal_tim.o
                0x0000000008002878                HAL_TIM_PWM_PulseFinishedCallback
 .text.HAL_TIM_TriggerCallback
                0x000000000800288c       0x14 ./Drivers/STM32F4xx_HAL_Driver/Src/stm32f4xx_hal_tim.o
                0x000000000800288c                HAL_TIM_TriggerCallback
 .text.TIM_Base_SetConfig
                0x00000000080028a0      0x140 ./Drivers/STM32F4xx_HAL_Driver/Src/stm32f4xx_hal_tim.o
                0x00000000080028a0                TIM_Base_SetConfig
 .text.HAL_TIMEx_CommutCallback
                0x00000000080029e0       0x14 ./Drivers/STM32F4xx_HAL_Driver/Src/stm32f4xx_hal_tim_ex.o
                0x00000000080029e0                HAL_TIMEx_CommutCallback
 .text.HAL_TIMEx_BreakCallback
                0x00000000080029f4       0x14 ./Drivers/STM32F4xx_HAL_Driver/Src/stm32f4xx_hal_tim_ex.o
                0x00000000080029f4                HAL_TIMEx_BreakCallback
 .text.HAL_UART_Init
                0x0000000008002a08       0x9a ./Drivers/STM32F4xx_HAL_Driver/Src/stm32f4xx_hal_uart.o
                0x0000000008002a08                HAL_UART_Init
 .text.HAL_UART_Receive_IT
                0x0000000008002aa2       0x60 ./Drivers/STM32F4xx_HAL_Driver/Src/stm32f4xx_hal_uart.o
                0x0000000008002aa2                HAL_UART_Receive_IT
 *fill*         0x0000000008002b02        0x2 
 .text.HAL_UART_IRQHandler
                0x0000000008002b04      0x51c ./Drivers/STM32F4xx_HAL_Driver/Src/stm32f4xx_hal_uart.o
                0x0000000008002b04                HAL_UART_IRQHandler
 .text.HAL_UART_TxCpltCallback
                0x0000000008003020       0x14 ./Drivers/STM32F4xx_HAL_Driver/Src/stm32f4xx_hal_uart.o
                0x0000000008003020                HAL_UART_TxCpltCallback
 .text.HAL_UART_RxCpltCallback
                0x0000000008003034       0x14 ./Drivers/STM32F4xx_HAL_Driver/Src/stm32f4xx_hal_uart.o
                0x0000000008003034                HAL_UART_RxCpltCallback
 .text.HAL_UART_ErrorCallback
                0x0000000008003048       0x14 ./Drivers/STM32F4xx_HAL_Driver/Src/stm32f4xx_hal_uart.o
                0x0000000008003048                HAL_UART_ErrorCallback
 .text.HAL_UARTEx_RxEventCallback
                0x000000000800305c       0x18 ./Drivers/STM32F4xx_HAL_Driver/Src/stm32f4xx_hal_uart.o
                0x000000000800305c                HAL_UARTEx_RxEventCallback
 .text.UART_Start_Receive_IT
                0x0000000008003074       0x7c ./Drivers/STM32F4xx_HAL_Driver/Src/stm32f4xx_hal_uart.o
                0x0000000008003074                UART_Start_Receive_IT
 .text.UART_EndRxTransfer
                0x00000000080030f0       0xc6 ./Drivers/STM32F4xx_HAL_Driver/Src/stm32f4xx_hal_uart.o
 .text.UART_DMAAbortOnError
                0x00000000080031b6       0x28 ./Drivers/STM32F4xx_HAL_Driver/Src/stm32f4xx_hal_uart.o
 .text.UART_Transmit_IT
                0x00000000080031de       0xa0 ./Drivers/STM32F4xx_HAL_Driver/Src/stm32f4xx_hal_uart.o
 .text.UART_EndTransmit_IT
                0x000000000800327e       0x30 ./Drivers/STM32F4xx_HAL_Driver/Src/stm32f4xx_hal_uart.o
 .text.UART_Receive_IT
                0x00000000080032ae      0x176 ./Drivers/STM32F4xx_HAL_Driver/Src/stm32f4xx_hal_uart.o
 .text.UART_SetConfig
                0x0000000008003424      0x4e8 ./Drivers/STM32F4xx_HAL_Driver/Src/stm32f4xx_hal_uart.o
 .text.vListInitialise
                0x000000000800390c       0x40 ./ThirdParty/FreeRTOS/list.o
                0x000000000800390c                vListInitialise
 .text.vListInitialiseItem
                0x000000000800394c       0x1a ./ThirdParty/FreeRTOS/list.o
                0x000000000800394c                vListInitialiseItem
 .text.vListInsert
                0x0000000008003966       0x72 ./ThirdParty/FreeRTOS/list.o
                0x0000000008003966                vListInsert
 .text.uxListRemove
                0x00000000080039d8       0x54 ./ThirdParty/FreeRTOS/list.o
                0x00000000080039d8                uxListRemove
 .text.xQueueGenericReset
                0x0000000008003a2c      0x120 ./ThirdParty/FreeRTOS/queue.o
                0x0000000008003a2c                xQueueGenericReset
 .text.xQueueGenericCreate
                0x0000000008003b4c       0x9c ./ThirdParty/FreeRTOS/queue.o
                0x0000000008003b4c                xQueueGenericCreate
 .text.prvInitialiseNewQueue
                0x0000000008003be8       0x46 ./ThirdParty/FreeRTOS/queue.o
 *fill*         0x0000000008003c2e        0x2 
 .text.xQueueReceive
                0x0000000008003c30      0x1c0 ./ThirdParty/FreeRTOS/queue.o
                0x0000000008003c30                xQueueReceive
 .text.prvCopyDataFromQueue
                0x0000000008003df0       0x4c ./ThirdParty/FreeRTOS/queue.o
 .text.prvUnlockQueue
                0x0000000008003e3c       0xa4 ./ThirdParty/FreeRTOS/queue.o
 .text.prvIsQueueEmpty
                0x0000000008003ee0       0x2c ./ThirdParty/FreeRTOS/queue.o
 .text.vQueueAddToRegistry
                0x0000000008003f0c       0x9c ./ThirdParty/FreeRTOS/queue.o
                0x0000000008003f0c                vQueueAddToRegistry
 .text.vQueueWaitForMessageRestricted
                0x0000000008003fa8       0x68 ./ThirdParty/FreeRTOS/queue.o
                0x0000000008003fa8                vQueueWaitForMessageRestricted
 .text.xTaskCreate
                0x0000000008004010       0x8c ./ThirdParty/FreeRTOS/tasks.o
                0x0000000008004010                xTaskCreate
 .text.prvInitialiseNewTask
                0x000000000800409c      0x11c ./ThirdParty/FreeRTOS/tasks.o
 .text.prvAddNewTaskToReadyList
                0x00000000080041b8      0x12c ./ThirdParty/FreeRTOS/tasks.o
 .text.vTaskDelay
                0x00000000080042e4       0x68 ./ThirdParty/FreeRTOS/tasks.o
                0x00000000080042e4                vTaskDelay
 .text.vTaskStartScheduler
                0x000000000800434c       0xa4 ./ThirdParty/FreeRTOS/tasks.o
                0x000000000800434c                vTaskStartScheduler
 .text.vTaskSuspendAll
                0x00000000080043f0       0x1c ./ThirdParty/FreeRTOS/tasks.o
                0x00000000080043f0                vTaskSuspendAll
 .text.xTaskResumeAll
                0x000000000800440c      0x1f8 ./ThirdParty/FreeRTOS/tasks.o
                0x000000000800440c                xTaskResumeAll
 .text.xTaskGetTickCount
                0x0000000008004604       0x20 ./ThirdParty/FreeRTOS/tasks.o
                0x0000000008004604                xTaskGetTickCount
 .text.xTaskIncrementTick
                0x0000000008004624      0x22c ./ThirdParty/FreeRTOS/tasks.o
                0x0000000008004624                xTaskIncrementTick
 .text.vTaskSwitchContext
                0x0000000008004850       0xb8 ./ThirdParty/FreeRTOS/tasks.o
                0x0000000008004850                vTaskSwitchContext
 .text.vTaskPlaceOnEventList
                0x0000000008004908       0x48 ./ThirdParty/FreeRTOS/tasks.o
                0x0000000008004908                vTaskPlaceOnEventList
 .text.vTaskPlaceOnEventListRestricted
                0x0000000008004950       0x8c ./ThirdParty/FreeRTOS/tasks.o
                0x0000000008004950                vTaskPlaceOnEventListRestricted
 .text.xTaskRemoveFromEventList
                0x00000000080049dc      0x1ac ./ThirdParty/FreeRTOS/tasks.o
                0x00000000080049dc                xTaskRemoveFromEventList
 .text.vTaskInternalSetTimeOutState
                0x0000000008004b88       0x2c ./ThirdParty/FreeRTOS/tasks.o
                0x0000000008004b88                vTaskInternalSetTimeOutState
 .text.xTaskCheckForTimeOut
                0x0000000008004bb4       0xcc ./ThirdParty/FreeRTOS/tasks.o
                0x0000000008004bb4                xTaskCheckForTimeOut
 .text.vTaskMissedYield
                0x0000000008004c80       0x18 ./ThirdParty/FreeRTOS/tasks.o
                0x0000000008004c80                vTaskMissedYield
 .text.prvIdleTask
                0x0000000008004c98       0x30 ./ThirdParty/FreeRTOS/tasks.o
 .text.prvInitialiseTaskLists
                0x0000000008004cc8       0x80 ./ThirdParty/FreeRTOS/tasks.o
 .text.prvCheckTasksWaitingTermination
                0x0000000008004d48       0x5c ./ThirdParty/FreeRTOS/tasks.o
 .text.prvDeleteTCB
                0x0000000008004da4       0x20 ./ThirdParty/FreeRTOS/tasks.o
 .text.prvResetNextTaskUnblockTime
                0x0000000008004dc4       0x38 ./ThirdParty/FreeRTOS/tasks.o
 .text.xTaskGetSchedulerState
                0x0000000008004dfc       0x3c ./ThirdParty/FreeRTOS/tasks.o
                0x0000000008004dfc                xTaskGetSchedulerState
 .text.prvAddCurrentTaskToDelayedList
                0x0000000008004e38      0x100 ./ThirdParty/FreeRTOS/tasks.o
 .text.xTimerCreateTimerTask
                0x0000000008004f38       0x64 ./ThirdParty/FreeRTOS/timers.o
                0x0000000008004f38                xTimerCreateTimerTask
 .text.prvReloadTimer
                0x0000000008004f9c       0x42 ./ThirdParty/FreeRTOS/timers.o
 *fill*         0x0000000008004fde        0x2 
 .text.prvProcessExpiredTimer
                0x0000000008004fe0       0x60 ./ThirdParty/FreeRTOS/timers.o
 .text.prvTimerTask
                0x0000000008005040       0x24 ./ThirdParty/FreeRTOS/timers.o
 .text.prvProcessTimerOrBlockTask
                0x0000000008005064       0x9c ./ThirdParty/FreeRTOS/timers.o
 .text.prvGetNextExpireTime
                0x0000000008005100       0x48 ./ThirdParty/FreeRTOS/timers.o
 .text.prvSampleTimeNow
                0x0000000008005148       0x40 ./ThirdParty/FreeRTOS/timers.o
 .text.prvInsertTimerInActiveList
                0x0000000008005188       0x84 ./ThirdParty/FreeRTOS/timers.o
 .text.prvProcessReceivedCommands
                0x000000000800520c      0x17c ./ThirdParty/FreeRTOS/timers.o
 .text.prvSwitchTimerLists
                0x0000000008005388       0x4c ./ThirdParty/FreeRTOS/timers.o
 .text.prvCheckForValidListAndQueue
                0x00000000080053d4       0x6c ./ThirdParty/FreeRTOS/timers.o
 .text.pxPortInitialiseStack
                0x0000000008005440       0x68 ./ThirdParty/FreeRTOS/portable/GCC/ARM_CM4F/port.o
                0x0000000008005440                pxPortInitialiseStack
 .text.prvTaskExitError
                0x00000000080054a8       0x58 ./ThirdParty/FreeRTOS/portable/GCC/ARM_CM4F/port.o
 .text.SVC_Handler
                0x0000000008005500       0x28 ./ThirdParty/FreeRTOS/portable/GCC/ARM_CM4F/port.o
                0x0000000008005500                SVC_Handler
 .text.prvPortStartFirstTask
                0x0000000008005528       0x2c ./ThirdParty/FreeRTOS/portable/GCC/ARM_CM4F/port.o
 .text.xPortStartScheduler
                0x0000000008005554      0x144 ./ThirdParty/FreeRTOS/portable/GCC/ARM_CM4F/port.o
                0x0000000008005554                xPortStartScheduler
 .text.vPortEnterCritical
                0x0000000008005698       0x60 ./ThirdParty/FreeRTOS/portable/GCC/ARM_CM4F/port.o
                0x0000000008005698                vPortEnterCritical
 .text.vPortExitCritical
                0x00000000080056f8       0x54 ./ThirdParty/FreeRTOS/portable/GCC/ARM_CM4F/port.o
                0x00000000080056f8                vPortExitCritical
 *fill*         0x000000000800574c        0x4 
 .text.PendSV_Handler
                0x0000000008005750       0x68 ./ThirdParty/FreeRTOS/portable/GCC/ARM_CM4F/port.o
                0x0000000008005750                PendSV_Handler
 .text.SysTick_Handler
                0x00000000080057b8       0x44 ./ThirdParty/FreeRTOS/portable/GCC/ARM_CM4F/port.o
                0x00000000080057b8                SysTick_Handler
 .text.vPortSetupTimerInterrupt
                0x00000000080057fc       0x48 ./ThirdParty/FreeRTOS/portable/GCC/ARM_CM4F/port.o
                0x00000000080057fc                vPortSetupTimerInterrupt
 .text.vPortEnableVFP
                0x0000000008005844       0x18 ./ThirdParty/FreeRTOS/portable/GCC/ARM_CM4F/port.o
 .text.pvPortMalloc
                0x000000000800585c      0x174 ./ThirdParty/FreeRTOS/portable/MemMang/heap_4.o
                0x000000000800585c                pvPortMalloc
 .text.vPortFree
                0x00000000080059d0       0xb8 ./ThirdParty/FreeRTOS/portable/MemMang/heap_4.o
                0x00000000080059d0                vPortFree
 .text.prvHeapInit
                0x0000000008005a88       0xb8 ./ThirdParty/FreeRTOS/portable/MemMang/heap_4.o
 .text.prvInsertBlockIntoFreeList
                0x0000000008005b40       0xb4 ./ThirdParty/FreeRTOS/portable/MemMang/heap_4.o
 .text.__libc_init_array
                0x0000000008005bf4       0x48 c:/st/stm32cubeide_1.10.1/stm32cubeide/plugins/com.st.stm32cube.ide.mcu.externaltools.gnu-tools-for-stm32.10.3-2021.10.win32_1.0.200.202301161003/tools/bin/../lib/gcc/arm-none-eabi/10.3.1/../../../../arm-none-eabi/lib/thumb/v7e-m+fp/hard\libc_nano.a(lib_a-init.o)
                0x0000000008005bf4                __libc_init_array
 .text.memcpy   0x0000000008005c3c       0x1c c:/st/stm32cubeide_1.10.1/stm32cubeide/plugins/com.st.stm32cube.ide.mcu.externaltools.gnu-tools-for-stm32.10.3-2021.10.win32_1.0.200.202301161003/tools/bin/../lib/gcc/arm-none-eabi/10.3.1/../../../../arm-none-eabi/lib/thumb/v7e-m+fp/hard\libc_nano.a(lib_a-memcpy-stub.o)
                0x0000000008005c3c                memcpy
 .text.memset   0x0000000008005c58       0x10 c:/st/stm32cubeide_1.10.1/stm32cubeide/plugins/com.st.stm32cube.ide.mcu.externaltools.gnu-tools-for-stm32.10.3-2021.10.win32_1.0.200.202301161003/tools/bin/../lib/gcc/arm-none-eabi/10.3.1/../../../../arm-none-eabi/lib/thumb/v7e-m+fp/hard\libc_nano.a(lib_a-memset.o)
                0x0000000008005c58                memset
 *(.glue_7)
 .glue_7        0x0000000008005c68        0x0 linker stubs
 *(.glue_7t)
 .glue_7t       0x0000000008005c68        0x0 linker stubs
 *(.eh_frame)
 .eh_frame      0x0000000008005c68        0x0 c:/st/stm32cubeide_1.10.1/stm32cubeide/plugins/com.st.stm32cube.ide.mcu.externaltools.gnu-tools-for-stm32.10.3-2021.10.win32_1.0.200.202301161003/tools/bin/../lib/gcc/arm-none-eabi/10.3.1/thumb/v7e-m+fp/hard/crtbegin.o
 *(.init)
 .init          0x0000000008005c68        0x4 c:/st/stm32cubeide_1.10.1/stm32cubeide/plugins/com.st.stm32cube.ide.mcu.externaltools.gnu-tools-for-stm32.10.3-2021.10.win32_1.0.200.202301161003/tools/bin/../lib/gcc/arm-none-eabi/10.3.1/thumb/v7e-m+fp/hard/crti.o
                0x0000000008005c68                _init
 .init          0x0000000008005c6c        0x8 c:/st/stm32cubeide_1.10.1/stm32cubeide/plugins/com.st.stm32cube.ide.mcu.externaltools.gnu-tools-for-stm32.10.3-2021.10.win32_1.0.200.202301161003/tools/bin/../lib/gcc/arm-none-eabi/10.3.1/thumb/v7e-m+fp/hard/crtn.o
 *(.fini)
 .fini          0x0000000008005c74        0x4 c:/st/stm32cubeide_1.10.1/stm32cubeide/plugins/com.st.stm32cube.ide.mcu.externaltools.gnu-tools-for-stm32.10.3-2021.10.win32_1.0.200.202301161003/tools/bin/../lib/gcc/arm-none-eabi/10.3.1/thumb/v7e-m+fp/hard/crti.o
                0x0000000008005c74                _fini
 .fini          0x0000000008005c78        0x8 c:/st/stm32cubeide_1.10.1/stm32cubeide/plugins/com.st.stm32cube.ide.mcu.externaltools.gnu-tools-for-stm32.10.3-2021.10.win32_1.0.200.202301161003/tools/bin/../lib/gcc/arm-none-eabi/10.3.1/thumb/v7e-m+fp/hard/crtn.o
                0x0000000008005c80                . = ALIGN (0x4)
                0x0000000008005c80                _etext = .

.vfp11_veneer   0x0000000008005c80        0x0
 .vfp11_veneer  0x0000000008005c80        0x0 linker stubs

.v4_bx          0x0000000008005c80        0x0
 .v4_bx         0x0000000008005c80        0x0 linker stubs

.iplt           0x0000000008005c80        0x0
 .iplt          0x0000000008005c80        0x0 c:/st/stm32cubeide_1.10.1/stm32cubeide/plugins/com.st.stm32cube.ide.mcu.externaltools.gnu-tools-for-stm32.10.3-2021.10.win32_1.0.200.202301161003/tools/bin/../lib/gcc/arm-none-eabi/10.3.1/thumb/v7e-m+fp/hard/crtbegin.o

.rodata         0x0000000008005c80       0x80
                0x0000000008005c80                . = ALIGN (0x4)
 *(.rodata)
 .rodata        0x0000000008005c80       0x48 ./Core/Src/main.o
 .rodata        0x0000000008005cc8        0x5 ./ThirdParty/FreeRTOS/tasks.o
 *fill*         0x0000000008005ccd        0x3 
 .rodata        0x0000000008005cd0        0xd ./ThirdParty/FreeRTOS/timers.o
 *(.rodata*)
 *fill*         0x0000000008005cdd        0x3 
 .rodata.AHBPrescTable
                0x0000000008005ce0       0x10 ./Core/Src/system_stm32f4xx.o
                0x0000000008005ce0                AHBPrescTable
 .rodata.APBPrescTable
                0x0000000008005cf0        0x8 ./Core/Src/system_stm32f4xx.o
                0x0000000008005cf0                APBPrescTable
 .rodata.flagBitshiftOffset.0
                0x0000000008005cf8        0x8 ./Drivers/STM32F4xx_HAL_Driver/Src/stm32f4xx_hal_dma.o
                0x0000000008005d00                . = ALIGN (0x4)

.ARM.extab      0x0000000008005d00        0x0
                0x0000000008005d00                . = ALIGN (0x4)
 *(.ARM.extab* .gnu.linkonce.armextab.*)
                0x0000000008005d00                . = ALIGN (0x4)

.ARM            0x0000000008005d00        0x8
                0x0000000008005d00                . = ALIGN (0x4)
                0x0000000008005d00                __exidx_start = .
 *(.ARM.exidx*)
 .ARM.exidx     0x0000000008005d00        0x8 c:/st/stm32cubeide_1.10.1/stm32cubeide/plugins/com.st.stm32cube.ide.mcu.externaltools.gnu-tools-for-stm32.10.3-2021.10.win32_1.0.200.202301161003/tools/bin/../lib/gcc/arm-none-eabi/10.3.1/thumb/v7e-m+fp/hard\libgcc.a(_udivmoddi4.o)
                0x0000000008005d08                __exidx_end = .
                0x0000000008005d08                . = ALIGN (0x4)

.rel.dyn        0x0000000008005d08        0x0
 .rel.iplt      0x0000000008005d08        0x0 c:/st/stm32cubeide_1.10.1/stm32cubeide/plugins/com.st.stm32cube.ide.mcu.externaltools.gnu-tools-for-stm32.10.3-2021.10.win32_1.0.200.202301161003/tools/bin/../lib/gcc/arm-none-eabi/10.3.1/thumb/v7e-m+fp/hard/crtbegin.o

.preinit_array  0x0000000008005d08        0x0
                0x0000000008005d08                . = ALIGN (0x4)
                0x0000000008005d08                PROVIDE (__preinit_array_start = .)
 *(.preinit_array*)
                0x0000000008005d08                PROVIDE (__preinit_array_end = .)
                0x0000000008005d08                . = ALIGN (0x4)

.init_array     0x0000000008005d08        0x4
                0x0000000008005d08                . = ALIGN (0x4)
                0x0000000008005d08                PROVIDE (__init_array_start = .)
 *(SORT_BY_NAME(.init_array.*))
 *(.init_array*)
 .init_array    0x0000000008005d08        0x4 c:/st/stm32cubeide_1.10.1/stm32cubeide/plugins/com.st.stm32cube.ide.mcu.externaltools.gnu-tools-for-stm32.10.3-2021.10.win32_1.0.200.202301161003/tools/bin/../lib/gcc/arm-none-eabi/10.3.1/thumb/v7e-m+fp/hard/crtbegin.o
                0x0000000008005d0c                PROVIDE (__init_array_end = .)
                0x0000000008005d0c                . = ALIGN (0x4)

.fini_array     0x0000000008005d0c        0x4
                0x0000000008005d0c                . = ALIGN (0x4)
                [!provide]                        PROVIDE (__fini_array_start = .)
 *(SORT_BY_NAME(.fini_array.*))
 *(.fini_array*)
 .fini_array    0x0000000008005d0c        0x4 c:/st/stm32cubeide_1.10.1/stm32cubeide/plugins/com.st.stm32cube.ide.mcu.externaltools.gnu-tools-for-stm32.10.3-2021.10.win32_1.0.200.202301161003/tools/bin/../lib/gcc/arm-none-eabi/10.3.1/thumb/v7e-m+fp/hard/crtbegin.o
                [!provide]                        PROVIDE (__fini_array_end = .)
                0x0000000008005d10                . = ALIGN (0x4)
                0x0000000008005d10                _sidata = LOADADDR (.data)

.data           0x0000000020000000       0x18 load address 0x0000000008005d10
                0x0000000020000000                . = ALIGN (0x4)
                0x0000000020000000                _sdata = .
 *(.data)
 *(.data*)
 .data.g_customDelay
                0x0000000020000000        0x2 ./Core/Src/main.o
                0x0000000020000000                g_customDelay
 *fill*         0x0000000020000002        0x2 
 .data.SystemCoreClock
                0x0000000020000004        0x4 ./Core/Src/system_stm32f4xx.o
                0x0000000020000004                SystemCoreClock
 .data.uwTickPrio
                0x0000000020000008        0x4 ./Drivers/STM32F4xx_HAL_Driver/Src/stm32f4xx_hal.o
                0x0000000020000008                uwTickPrio
 .data.uwTickFreq
                0x000000002000000c        0x1 ./Drivers/STM32F4xx_HAL_Driver/Src/stm32f4xx_hal.o
                0x000000002000000c                uwTickFreq
 *fill*         0x000000002000000d        0x3 
 .data.uxTopUsedPriority
                0x0000000020000010        0x4 ./ThirdParty/FreeRTOS/tasks.o
                0x0000000020000010                uxTopUsedPriority
 .data.uxCriticalNesting
                0x0000000020000014        0x4 ./ThirdParty/FreeRTOS/portable/GCC/ARM_CM4F/port.o
 *(.RamFunc)
 *(.RamFunc*)
                0x0000000020000018                . = ALIGN (0x4)
                0x0000000020000018                _edata = .
                0x0000000008005d28                _siccmram = LOADADDR (.ccmram)

.igot.plt       0x0000000020000018        0x0 load address 0x0000000008005d28
 .igot.plt      0x0000000020000018        0x0 c:/st/stm32cubeide_1.10.1/stm32cubeide/plugins/com.st.stm32cube.ide.mcu.externaltools.gnu-tools-for-stm32.10.3-2021.10.win32_1.0.200.202301161003/tools/bin/../lib/gcc/arm-none-eabi/10.3.1/thumb/v7e-m+fp/hard/crtbegin.o

.ccmram         0x0000000010000000        0x0 load address 0x0000000008005d28
                0x0000000010000000                . = ALIGN (0x4)
                0x0000000010000000                _sccmram = .
 *(.ccmram)
 *(.ccmram*)
                0x0000000010000000                . = ALIGN (0x4)
                0x0000000010000000                _eccmram = .
                0x0000000010000000                . = ALIGN (0x4)

.bss            0x0000000020000018    0x12f10
                0x0000000020000018                _sbss = .
                0x0000000020000018                __bss_start__ = _sbss
 *(.bss)
 .bss           0x0000000020000018       0x1c c:/st/stm32cubeide_1.10.1/stm32cubeide/plugins/com.st.stm32cube.ide.mcu.externaltools.gnu-tools-for-stm32.10.3-2021.10.win32_1.0.200.202301161003/tools/bin/../lib/gcc/arm-none-eabi/10.3.1/thumb/v7e-m+fp/hard/crtbegin.o
 *(.bss*)
 .bss.huart2    0x0000000020000034       0x44 ./Core/Src/main.o
                0x0000000020000034                huart2
 .bss.hdma_usart2_rx
                0x0000000020000078       0x60 ./Core/Src/main.o
                0x0000000020000078                hdma_usart2_rx
 .bss.hdma_usart2_tx
                0x00000000200000d8       0x60 ./Core/Src/main.o
                0x00000000200000d8                hdma_usart2_tx
 .bss.htim6     0x0000000020000138       0x48 ./Core/Src/stm32f4xx_hal_timebase_tim.o
                0x0000000020000138                htim6
 .bss.uwTick    0x0000000020000180        0x4 ./Drivers/STM32F4xx_HAL_Driver/Src/stm32f4xx_hal.o
                0x0000000020000180                uwTick
 .bss.xQueueRegistry
                0x0000000020000184       0x40 ./ThirdParty/FreeRTOS/queue.o
                0x0000000020000184                xQueueRegistry
 .bss.pxCurrentTCB
                0x00000000200001c4        0x4 ./ThirdParty/FreeRTOS/tasks.o
                0x00000000200001c4                pxCurrentTCB
 .bss.pxReadyTasksLists
                0x00000000200001c8       0x64 ./ThirdParty/FreeRTOS/tasks.o
 .bss.xDelayedTaskList1
                0x000000002000022c       0x14 ./ThirdParty/FreeRTOS/tasks.o
 .bss.xDelayedTaskList2
                0x0000000020000240       0x14 ./ThirdParty/FreeRTOS/tasks.o
 .bss.pxDelayedTaskList
                0x0000000020000254        0x4 ./ThirdParty/FreeRTOS/tasks.o
 .bss.pxOverflowDelayedTaskList
                0x0000000020000258        0x4 ./ThirdParty/FreeRTOS/tasks.o
 .bss.xPendingReadyList
                0x000000002000025c       0x14 ./ThirdParty/FreeRTOS/tasks.o
 .bss.xTasksWaitingTermination
                0x0000000020000270       0x14 ./ThirdParty/FreeRTOS/tasks.o
 .bss.uxDeletedTasksWaitingCleanUp
                0x0000000020000284        0x4 ./ThirdParty/FreeRTOS/tasks.o
 .bss.xSuspendedTaskList
                0x0000000020000288       0x14 ./ThirdParty/FreeRTOS/tasks.o
 .bss.uxCurrentNumberOfTasks
                0x000000002000029c        0x4 ./ThirdParty/FreeRTOS/tasks.o
 .bss.xTickCount
                0x00000000200002a0        0x4 ./ThirdParty/FreeRTOS/tasks.o
 .bss.uxTopReadyPriority
                0x00000000200002a4        0x4 ./ThirdParty/FreeRTOS/tasks.o
 .bss.xSchedulerRunning
                0x00000000200002a8        0x4 ./ThirdParty/FreeRTOS/tasks.o
 .bss.xPendedTicks
                0x00000000200002ac        0x4 ./ThirdParty/FreeRTOS/tasks.o
 .bss.xYieldPending
                0x00000000200002b0        0x4 ./ThirdParty/FreeRTOS/tasks.o
 .bss.xNumOfOverflows
                0x00000000200002b4        0x4 ./ThirdParty/FreeRTOS/tasks.o
 .bss.uxTaskNumber
                0x00000000200002b8        0x4 ./ThirdParty/FreeRTOS/tasks.o
 .bss.xNextTaskUnblockTime
                0x00000000200002bc        0x4 ./ThirdParty/FreeRTOS/tasks.o
 .bss.xIdleTaskHandle
                0x00000000200002c0        0x4 ./ThirdParty/FreeRTOS/tasks.o
 .bss.uxSchedulerSuspended
                0x00000000200002c4        0x4 ./ThirdParty/FreeRTOS/tasks.o
 .bss.xActiveTimerList1
                0x00000000200002c8       0x14 ./ThirdParty/FreeRTOS/timers.o
 .bss.xActiveTimerList2
                0x00000000200002dc       0x14 ./ThirdParty/FreeRTOS/timers.o
 .bss.pxCurrentTimerList
                0x00000000200002f0        0x4 ./ThirdParty/FreeRTOS/timers.o
 .bss.pxOverflowTimerList
                0x00000000200002f4        0x4 ./ThirdParty/FreeRTOS/timers.o
 .bss.xTimerQueue
                0x00000000200002f8        0x4 ./ThirdParty/FreeRTOS/timers.o
 .bss.xTimerTaskHandle
                0x00000000200002fc        0x4 ./ThirdParty/FreeRTOS/timers.o
 .bss.xLastTime.0
                0x0000000020000300        0x4 ./ThirdParty/FreeRTOS/timers.o
 .bss.ucMaxSysCallPriority
                0x0000000020000304        0x1 ./ThirdParty/FreeRTOS/portable/GCC/ARM_CM4F/port.o
 *fill*         0x0000000020000305        0x3 
 .bss.ulMaxPRIGROUPValue
                0x0000000020000308        0x4 ./ThirdParty/FreeRTOS/portable/GCC/ARM_CM4F/port.o
 .bss.ucHeap    0x000000002000030c    0x12c00 ./ThirdParty/FreeRTOS/portable/MemMang/heap_4.o
 .bss.xStart    0x0000000020012f0c        0x8 ./ThirdParty/FreeRTOS/portable/MemMang/heap_4.o
 .bss.pxEnd     0x0000000020012f14        0x4 ./ThirdParty/FreeRTOS/portable/MemMang/heap_4.o
 .bss.xFreeBytesRemaining
                0x0000000020012f18        0x4 ./ThirdParty/FreeRTOS/portable/MemMang/heap_4.o
 .bss.xMinimumEverFreeBytesRemaining
                0x0000000020012f1c        0x4 ./ThirdParty/FreeRTOS/portable/MemMang/heap_4.o
 .bss.xNumberOfSuccessfulAllocations
                0x0000000020012f20        0x4 ./ThirdParty/FreeRTOS/portable/MemMang/heap_4.o
 .bss.xNumberOfSuccessfulFrees
                0x0000000020012f24        0x4 ./ThirdParty/FreeRTOS/portable/MemMang/heap_4.o
 *(COMMON)
                0x0000000020012f28                . = ALIGN (0x4)
                0x0000000020012f28                _ebss = .
                0x0000000020012f28                __bss_end__ = _ebss

._user_heap_stack
                0x0000000020012f28      0x600
                0x0000000020012f28                . = ALIGN (0x8)
                [!provide]                        PROVIDE (end = .)
                [!provide]                        PROVIDE (_end = .)
                0x0000000020013128                . = (. + _Min_Heap_Size)
 *fill*         0x0000000020012f28      0x200 
                0x0000000020013528                . = (. + _Min_Stack_Size)
 *fill*         0x0000000020013128      0x400 
                0x0000000020013528                . = ALIGN (0x8)

/DISCARD/
 libc.a(*)
 libm.a(*)
 libgcc.a(*)

.ARM.attributes
                0x0000000000000000       0x30
 *(.ARM.attributes)
 .ARM.attributes
                0x0000000000000000       0x1e c:/st/stm32cubeide_1.10.1/stm32cubeide/plugins/com.st.stm32cube.ide.mcu.externaltools.gnu-tools-for-stm32.10.3-2021.10.win32_1.0.200.202301161003/tools/bin/../lib/gcc/arm-none-eabi/10.3.1/thumb/v7e-m+fp/hard/crti.o
 .ARM.attributes
                0x000000000000001e       0x34 c:/st/stm32cubeide_1.10.1/stm32cubeide/plugins/com.st.stm32cube.ide.mcu.externaltools.gnu-tools-for-stm32.10.3-2021.10.win32_1.0.200.202301161003/tools/bin/../lib/gcc/arm-none-eabi/10.3.1/thumb/v7e-m+fp/hard/crtbegin.o
 .ARM.attributes
                0x0000000000000052       0x34 ./Core/Src/main.o
 .ARM.attributes
                0x0000000000000086       0x34 ./Core/Src/stm32f4xx_hal_msp.o
 .ARM.attributes
                0x00000000000000ba       0x34 ./Core/Src/stm32f4xx_hal_timebase_tim.o
 .ARM.attributes
                0x00000000000000ee       0x34 ./Core/Src/stm32f4xx_it.o
 .ARM.attributes
                0x0000000000000122       0x34 ./Core/Src/system_stm32f4xx.o
 .ARM.attributes
                0x0000000000000156       0x21 ./Core/Startup/startup_stm32f407vgtx.o
 .ARM.attributes
                0x0000000000000177       0x34 ./Drivers/STM32F4xx_HAL_Driver/Src/stm32f4xx_hal.o
 .ARM.attributes
                0x00000000000001ab       0x34 ./Drivers/STM32F4xx_HAL_Driver/Src/stm32f4xx_hal_cortex.o
 .ARM.attributes
                0x00000000000001df       0x34 ./Drivers/STM32F4xx_HAL_Driver/Src/stm32f4xx_hal_dma.o
 .ARM.attributes
                0x0000000000000213       0x34 ./Drivers/STM32F4xx_HAL_Driver/Src/stm32f4xx_hal_gpio.o
 .ARM.attributes
                0x0000000000000247       0x34 ./Drivers/STM32F4xx_HAL_Driver/Src/stm32f4xx_hal_rcc.o
 .ARM.attributes
                0x000000000000027b       0x34 ./Drivers/STM32F4xx_HAL_Driver/Src/stm32f4xx_hal_tim.o
 .ARM.attributes
                0x00000000000002af       0x34 ./Drivers/STM32F4xx_HAL_Driver/Src/stm32f4xx_hal_tim_ex.o
 .ARM.attributes
                0x00000000000002e3       0x34 ./Drivers/STM32F4xx_HAL_Driver/Src/stm32f4xx_hal_uart.o
 .ARM.attributes
                0x0000000000000317       0x34 ./ThirdParty/FreeRTOS/list.o
 .ARM.attributes
                0x000000000000034b       0x34 ./ThirdParty/FreeRTOS/queue.o
 .ARM.attributes
                0x000000000000037f       0x34 ./ThirdParty/FreeRTOS/tasks.o
 .ARM.attributes
                0x00000000000003b3       0x34 ./ThirdParty/FreeRTOS/timers.o
 .ARM.attributes
                0x00000000000003e7       0x34 ./ThirdParty/FreeRTOS/portable/GCC/ARM_CM4F/port.o
 .ARM.attributes
                0x000000000000041b       0x34 ./ThirdParty/FreeRTOS/portable/MemMang/heap_4.o
 .ARM.attributes
                0x000000000000044f       0x34 c:/st/stm32cubeide_1.10.1/stm32cubeide/plugins/com.st.stm32cube.ide.mcu.externaltools.gnu-tools-for-stm32.10.3-2021.10.win32_1.0.200.202301161003/tools/bin/../lib/gcc/arm-none-eabi/10.3.1/../../../../arm-none-eabi/lib/thumb/v7e-m+fp/hard\libc_nano.a(lib_a-init.o)
 .ARM.attributes
                0x0000000000000483       0x34 c:/st/stm32cubeide_1.10.1/stm32cubeide/plugins/com.st.stm32cube.ide.mcu.externaltools.gnu-tools-for-stm32.10.3-2021.10.win32_1.0.200.202301161003/tools/bin/../lib/gcc/arm-none-eabi/10.3.1/../../../../arm-none-eabi/lib/thumb/v7e-m+fp/hard\libc_nano.a(lib_a-memcpy-stub.o)
 .ARM.attributes
                0x00000000000004b7       0x34 c:/st/stm32cubeide_1.10.1/stm32cubeide/plugins/com.st.stm32cube.ide.mcu.externaltools.gnu-tools-for-stm32.10.3-2021.10.win32_1.0.200.202301161003/tools/bin/../lib/gcc/arm-none-eabi/10.3.1/../../../../arm-none-eabi/lib/thumb/v7e-m+fp/hard\libc_nano.a(lib_a-memset.o)
 .ARM.attributes
                0x00000000000004eb       0x1e c:/st/stm32cubeide_1.10.1/stm32cubeide/plugins/com.st.stm32cube.ide.mcu.externaltools.gnu-tools-for-stm32.10.3-2021.10.win32_1.0.200.202301161003/tools/bin/../lib/gcc/arm-none-eabi/10.3.1/thumb/v7e-m+fp/hard\libgcc.a(_aeabi_uldivmod.o)
 .ARM.attributes
                0x0000000000000509       0x34 c:/st/stm32cubeide_1.10.1/stm32cubeide/plugins/com.st.stm32cube.ide.mcu.externaltools.gnu-tools-for-stm32.10.3-2021.10.win32_1.0.200.202301161003/tools/bin/../lib/gcc/arm-none-eabi/10.3.1/thumb/v7e-m+fp/hard\libgcc.a(_udivmoddi4.o)
 .ARM.attributes
                0x000000000000053d       0x1e c:/st/stm32cubeide_1.10.1/stm32cubeide/plugins/com.st.stm32cube.ide.mcu.externaltools.gnu-tools-for-stm32.10.3-2021.10.win32_1.0.200.202301161003/tools/bin/../lib/gcc/arm-none-eabi/10.3.1/thumb/v7e-m+fp/hard\libgcc.a(_dvmd_tls.o)
 .ARM.attributes
                0x000000000000055b       0x1e c:/st/stm32cubeide_1.10.1/stm32cubeide/plugins/com.st.stm32cube.ide.mcu.externaltools.gnu-tools-for-stm32.10.3-2021.10.win32_1.0.200.202301161003/tools/bin/../lib/gcc/arm-none-eabi/10.3.1/thumb/v7e-m+fp/hard/crtn.o
OUTPUT(001Tasks.elf elf32-littlearm)
LOAD linker stubs
LOAD c:/st/stm32cubeide_1.10.1/stm32cubeide/plugins/com.st.stm32cube.ide.mcu.externaltools.gnu-tools-for-stm32.10.3-2021.10.win32_1.0.200.202301161003/tools/bin/../lib/gcc/arm-none-eabi/10.3.1/../../../../arm-none-eabi/lib/thumb/v7e-m+fp/hard\libc.a
LOAD c:/st/stm32cubeide_1.10.1/stm32cubeide/plugins/com.st.stm32cube.ide.mcu.externaltools.gnu-tools-for-stm32.10.3-2021.10.win32_1.0.200.202301161003/tools/bin/../lib/gcc/arm-none-eabi/10.3.1/../../../../arm-none-eabi/lib/thumb/v7e-m+fp/hard\libm.a
LOAD c:/st/stm32cubeide_1.10.1/stm32cubeide/plugins/com.st.stm32cube.ide.mcu.externaltools.gnu-tools-for-stm32.10.3-2021.10.win32_1.0.200.202301161003/tools/bin/../lib/gcc/arm-none-eabi/10.3.1/thumb/v7e-m+fp/hard\libgcc.a

.debug_info     0x0000000000000000    0x13cdd
 .debug_info    0x0000000000000000     0x14f7 ./Core/Src/main.o
 .debug_info    0x00000000000014f7      0xc60 ./Core/Src/stm32f4xx_hal_msp.o
 .debug_info    0x0000000000002157      0xc4b ./Core/Src/stm32f4xx_hal_timebase_tim.o
 .debug_info    0x0000000000002da2      0x9f1 ./Core/Src/stm32f4xx_it.o
 .debug_info    0x0000000000003793      0x523 ./Core/Src/system_stm32f4xx.o
 .debug_info    0x0000000000003cb6       0x22 ./Core/Startup/startup_stm32f407vgtx.o
 .debug_info    0x0000000000003cd8      0x97c ./Drivers/STM32F4xx_HAL_Driver/Src/stm32f4xx_hal.o
 .debug_info    0x0000000000004654      0xe1b ./Drivers/STM32F4xx_HAL_Driver/Src/stm32f4xx_hal_cortex.o
 .debug_info    0x000000000000546f      0x94f ./Drivers/STM32F4xx_HAL_Driver/Src/stm32f4xx_hal_dma.o
 .debug_info    0x0000000000005dbe      0x76a ./Drivers/STM32F4xx_HAL_Driver/Src/stm32f4xx_hal_gpio.o
 .debug_info    0x0000000000006528      0x966 ./Drivers/STM32F4xx_HAL_Driver/Src/stm32f4xx_hal_rcc.o
 .debug_info    0x0000000000006e8e     0x2bbe ./Drivers/STM32F4xx_HAL_Driver/Src/stm32f4xx_hal_tim.o
 .debug_info    0x0000000000009a4c     0x15e0 ./Drivers/STM32F4xx_HAL_Driver/Src/stm32f4xx_hal_tim_ex.o
 .debug_info    0x000000000000b02c     0x31bc ./Drivers/STM32F4xx_HAL_Driver/Src/stm32f4xx_hal_uart.o
 .debug_info    0x000000000000e1e8      0x2d1 ./ThirdParty/FreeRTOS/list.o
 .debug_info    0x000000000000e4b9     0x196b ./ThirdParty/FreeRTOS/queue.o
 .debug_info    0x000000000000fe24     0x25ab ./ThirdParty/FreeRTOS/tasks.o
 .debug_info    0x00000000000123cf      0xeaf ./ThirdParty/FreeRTOS/timers.o
 .debug_info    0x000000000001327e      0x507 ./ThirdParty/FreeRTOS/portable/GCC/ARM_CM4F/port.o
 .debug_info    0x0000000000013785      0x558 ./ThirdParty/FreeRTOS/portable/MemMang/heap_4.o

.debug_abbrev   0x0000000000000000     0x2c62
 .debug_abbrev  0x0000000000000000      0x368 ./Core/Src/main.o
 .debug_abbrev  0x0000000000000368      0x1f6 ./Core/Src/stm32f4xx_hal_msp.o
 .debug_abbrev  0x000000000000055e      0x1e6 ./Core/Src/stm32f4xx_hal_timebase_tim.o
 .debug_abbrev  0x0000000000000744      0x178 ./Core/Src/stm32f4xx_it.o
 .debug_abbrev  0x00000000000008bc      0x116 ./Core/Src/system_stm32f4xx.o
 .debug_abbrev  0x00000000000009d2       0x12 ./Core/Startup/startup_stm32f407vgtx.o
 .debug_abbrev  0x00000000000009e4      0x20d ./Drivers/STM32F4xx_HAL_Driver/Src/stm32f4xx_hal.o
 .debug_abbrev  0x0000000000000bf1      0x316 ./Drivers/STM32F4xx_HAL_Driver/Src/stm32f4xx_hal_cortex.o
 .debug_abbrev  0x0000000000000f07      0x25b ./Drivers/STM32F4xx_HAL_Driver/Src/stm32f4xx_hal_dma.o
 .debug_abbrev  0x0000000000001162      0x1c4 ./Drivers/STM32F4xx_HAL_Driver/Src/stm32f4xx_hal_gpio.o
 .debug_abbrev  0x0000000000001326      0x2aa ./Drivers/STM32F4xx_HAL_Driver/Src/stm32f4xx_hal_rcc.o
 .debug_abbrev  0x00000000000015d0      0x25d ./Drivers/STM32F4xx_HAL_Driver/Src/stm32f4xx_hal_tim.o
 .debug_abbrev  0x000000000000182d      0x265 ./Drivers/STM32F4xx_HAL_Driver/Src/stm32f4xx_hal_tim_ex.o
 .debug_abbrev  0x0000000000001a92      0x2f4 ./Drivers/STM32F4xx_HAL_Driver/Src/stm32f4xx_hal_uart.o
 .debug_abbrev  0x0000000000001d86       0xf2 ./ThirdParty/FreeRTOS/list.o
 .debug_abbrev  0x0000000000001e78      0x312 ./ThirdParty/FreeRTOS/queue.o
 .debug_abbrev  0x000000000000218a      0x36c ./ThirdParty/FreeRTOS/tasks.o
 .debug_abbrev  0x00000000000024f6      0x2c5 ./ThirdParty/FreeRTOS/timers.o
 .debug_abbrev  0x00000000000027bb      0x259 ./ThirdParty/FreeRTOS/portable/GCC/ARM_CM4F/port.o
 .debug_abbrev  0x0000000000002a14      0x24e ./ThirdParty/FreeRTOS/portable/MemMang/heap_4.o

.debug_aranges  0x0000000000000000     0x1158
 .debug_aranges
                0x0000000000000000       0x60 ./Core/Src/main.o
 .debug_aranges
                0x0000000000000060       0x30 ./Core/Src/stm32f4xx_hal_msp.o
 .debug_aranges
                0x0000000000000090       0x30 ./Core/Src/stm32f4xx_hal_timebase_tim.o
 .debug_aranges
                0x00000000000000c0       0x68 ./Core/Src/stm32f4xx_it.o
 .debug_aranges
                0x0000000000000128       0x28 ./Core/Src/system_stm32f4xx.o
 .debug_aranges
                0x0000000000000150       0x28 ./Core/Startup/startup_stm32f407vgtx.o
 .debug_aranges
                0x0000000000000178       0xf0 ./Drivers/STM32F4xx_HAL_Driver/Src/stm32f4xx_hal.o
 .debug_aranges
                0x0000000000000268      0x118 ./Drivers/STM32F4xx_HAL_Driver/Src/stm32f4xx_hal_cortex.o
 .debug_aranges
                0x0000000000000380       0x90 ./Drivers/STM32F4xx_HAL_Driver/Src/stm32f4xx_hal_dma.o
 .debug_aranges
                0x0000000000000410       0x58 ./Drivers/STM32F4xx_HAL_Driver/Src/stm32f4xx_hal_gpio.o
 .debug_aranges
                0x0000000000000468       0x88 ./Drivers/STM32F4xx_HAL_Driver/Src/stm32f4xx_hal_rcc.o
 .debug_aranges
                0x00000000000004f0      0x3d0 ./Drivers/STM32F4xx_HAL_Driver/Src/stm32f4xx_hal_tim.o
 .debug_aranges
                0x00000000000008c0      0x168 ./Drivers/STM32F4xx_HAL_Driver/Src/stm32f4xx_hal_tim_ex.o
 .debug_aranges
                0x0000000000000a28      0x200 ./Drivers/STM32F4xx_HAL_Driver/Src/stm32f4xx_hal_uart.o
 .debug_aranges
                0x0000000000000c28       0x40 ./ThirdParty/FreeRTOS/list.o
 .debug_aranges
                0x0000000000000c68      0x130 ./ThirdParty/FreeRTOS/queue.o
 .debug_aranges
                0x0000000000000d98      0x1f8 ./ThirdParty/FreeRTOS/tasks.o
 .debug_aranges
                0x0000000000000f90       0xe8 ./ThirdParty/FreeRTOS/timers.o
 .debug_aranges
                0x0000000000001078       0x80 ./ThirdParty/FreeRTOS/portable/GCC/ARM_CM4F/port.o
 .debug_aranges
                0x00000000000010f8       0x60 ./ThirdParty/FreeRTOS/portable/MemMang/heap_4.o

.debug_ranges   0x0000000000000000     0x1050
 .debug_ranges  0x0000000000000000       0x50 ./Core/Src/main.o
 .debug_ranges  0x0000000000000050       0x20 ./Core/Src/stm32f4xx_hal_msp.o
 .debug_ranges  0x0000000000000070       0x20 ./Core/Src/stm32f4xx_hal_timebase_tim.o
 .debug_ranges  0x0000000000000090       0x58 ./Core/Src/stm32f4xx_it.o
 .debug_ranges  0x00000000000000e8       0x18 ./Core/Src/system_stm32f4xx.o
 .debug_ranges  0x0000000000000100       0x20 ./Core/Startup/startup_stm32f407vgtx.o
 .debug_ranges  0x0000000000000120       0xe0 ./Drivers/STM32F4xx_HAL_Driver/Src/stm32f4xx_hal.o
 .debug_ranges  0x0000000000000200      0x108 ./Drivers/STM32F4xx_HAL_Driver/Src/stm32f4xx_hal_cortex.o
 .debug_ranges  0x0000000000000308       0x80 ./Drivers/STM32F4xx_HAL_Driver/Src/stm32f4xx_hal_dma.o
 .debug_ranges  0x0000000000000388       0x48 ./Drivers/STM32F4xx_HAL_Driver/Src/stm32f4xx_hal_gpio.o
 .debug_ranges  0x00000000000003d0       0x78 ./Drivers/STM32F4xx_HAL_Driver/Src/stm32f4xx_hal_rcc.o
 .debug_ranges  0x0000000000000448      0x3c0 ./Drivers/STM32F4xx_HAL_Driver/Src/stm32f4xx_hal_tim.o
 .debug_ranges  0x0000000000000808      0x158 ./Drivers/STM32F4xx_HAL_Driver/Src/stm32f4xx_hal_tim_ex.o
 .debug_ranges  0x0000000000000960      0x220 ./Drivers/STM32F4xx_HAL_Driver/Src/stm32f4xx_hal_uart.o
 .debug_ranges  0x0000000000000b80       0x30 ./ThirdParty/FreeRTOS/list.o
 .debug_ranges  0x0000000000000bb0      0x120 ./ThirdParty/FreeRTOS/queue.o
 .debug_ranges  0x0000000000000cd0      0x1e8 ./ThirdParty/FreeRTOS/tasks.o
 .debug_ranges  0x0000000000000eb8       0xd8 ./ThirdParty/FreeRTOS/timers.o
 .debug_ranges  0x0000000000000f90       0x70 ./ThirdParty/FreeRTOS/portable/GCC/ARM_CM4F/port.o
 .debug_ranges  0x0000000000001000       0x50 ./ThirdParty/FreeRTOS/portable/MemMang/heap_4.o

.debug_macro    0x0000000000000000    0x22961
 .debug_macro   0x0000000000000000      0x3d9 ./Core/Src/main.o
 .debug_macro   0x00000000000003d9      0xa78 ./Core/Src/main.o
 .debug_macro   0x0000000000000e51      0x29b ./Core/Src/main.o
 .debug_macro   0x00000000000010ec       0x2e ./Core/Src/main.o
 .debug_macro   0x000000000000111a       0x2f ./Core/Src/main.o
 .debug_macro   0x0000000000001149       0x22 ./Core/Src/main.o
 .debug_macro   0x000000000000116b       0x8e ./Core/Src/main.o
 .debug_macro   0x00000000000011f9       0x51 ./Core/Src/main.o
 .debug_macro   0x000000000000124a      0x103 ./Core/Src/main.o
 .debug_macro   0x000000000000134d       0x6a ./Core/Src/main.o
 .debug_macro   0x00000000000013b7      0x1df ./Core/Src/main.o
 .debug_macro   0x0000000000001596       0x1c ./Core/Src/main.o
 .debug_macro   0x00000000000015b2       0x22 ./Core/Src/main.o
 .debug_macro   0x00000000000015d4       0xd9 ./Core/Src/main.o
 .debug_macro   0x00000000000016ad     0x102d ./Core/Src/main.o
 .debug_macro   0x00000000000026da      0x11f ./Core/Src/main.o
 .debug_macro   0x00000000000027f9    0x15e82 ./Core/Src/main.o
 .debug_macro   0x000000000001867b       0x6d ./Core/Src/main.o
 .debug_macro   0x00000000000186e8     0x367e ./Core/Src/main.o
 .debug_macro   0x000000000001bd66      0x174 ./Core/Src/main.o
 .debug_macro   0x000000000001beda       0x5c ./Core/Src/main.o
 .debug_macro   0x000000000001bf36      0x96b ./Core/Src/main.o
 .debug_macro   0x000000000001c8a1      0x9fe ./Core/Src/main.o
 .debug_macro   0x000000000001d29f      0x115 ./Core/Src/main.o
 .debug_macro   0x000000000001d3b4      0x13e ./Core/Src/main.o
 .debug_macro   0x000000000001d4f2       0xa5 ./Core/Src/main.o
 .debug_macro   0x000000000001d597      0x174 ./Core/Src/main.o
 .debug_macro   0x000000000001d70b      0x287 ./Core/Src/main.o
 .debug_macro   0x000000000001d992       0x5f ./Core/Src/main.o
 .debug_macro   0x000000000001d9f1      0x236 ./Core/Src/main.o
 .debug_macro   0x000000000001dc27      0x12c ./Core/Src/main.o
 .debug_macro   0x000000000001dd53      0x21e ./Core/Src/main.o
 .debug_macro   0x000000000001df71       0x2e ./Core/Src/main.o
 .debug_macro   0x000000000001df9f      0x11a ./Core/Src/main.o
 .debug_macro   0x000000000001e0b9       0x7e ./Core/Src/main.o
 .debug_macro   0x000000000001e137       0x89 ./Core/Src/main.o
 .debug_macro   0x000000000001e1c0      0x8e6 ./Core/Src/main.o
 .debug_macro   0x000000000001eaa6       0x47 ./Core/Src/main.o
 .debug_macro   0x000000000001eaed      0x295 ./Core/Src/main.o
 .debug_macro   0x000000000001ed82      0x12d ./Core/Src/main.o
 .debug_macro   0x000000000001eeaf      0x190 ./Core/Src/main.o
 .debug_macro   0x000000000001f03f       0x52 ./Core/Src/main.o
 .debug_macro   0x000000000001f091       0x1e ./Core/Src/main.o
 .debug_macro   0x000000000001f0af       0x3c ./Core/Src/main.o
 .debug_macro   0x000000000001f0eb       0x34 ./Core/Src/main.o
 .debug_macro   0x000000000001f11f       0x16 ./Core/Src/main.o
 .debug_macro   0x000000000001f135       0x43 ./Core/Src/main.o
 .debug_macro   0x000000000001f178       0x34 ./Core/Src/main.o
 .debug_macro   0x000000000001f1ac       0x10 ./Core/Src/main.o
 .debug_macro   0x000000000001f1bc       0x58 ./Core/Src/main.o
 .debug_macro   0x000000000001f214       0x71 ./Core/Src/main.o
 .debug_macro   0x000000000001f285       0x1c ./Core/Src/main.o
 .debug_macro   0x000000000001f2a1      0x12a ./Core/Src/main.o
 .debug_macro   0x000000000001f3cb      0x341 ./Core/Src/main.o
 .debug_macro   0x000000000001f70c       0x10 ./Core/Src/main.o
 .debug_macro   0x000000000001f71c       0x35 ./Core/Src/main.o
 .debug_macro   0x000000000001f751       0x20 ./Core/Src/main.o
 .debug_macro   0x000000000001f771       0x1c ./Core/Src/main.o
 .debug_macro   0x000000000001f78d       0x10 ./Core/Src/main.o
 .debug_macro   0x000000000001f79d       0x10 ./Core/Src/main.o
 .debug_macro   0x000000000001f7ad       0x1c ./Core/Src/main.o
 .debug_macro   0x000000000001f7c9       0x52 ./Core/Src/main.o
 .debug_macro   0x000000000001f81b       0x22 ./Core/Src/main.o
 .debug_macro   0x000000000001f83d       0x10 ./Core/Src/main.o
 .debug_macro   0x000000000001f84d       0x52 ./Core/Src/main.o
 .debug_macro   0x000000000001f89f       0xd5 ./Core/Src/main.o
 .debug_macro   0x000000000001f974       0x1c ./Core/Src/main.o
 .debug_macro   0x000000000001f990       0x3d ./Core/Src/main.o
 .debug_macro   0x000000000001f9cd       0x16 ./Core/Src/main.o
 .debug_macro   0x000000000001f9e3      0x145 ./Core/Src/main.o
 .debug_macro   0x000000000001fb28       0xfa ./Core/Src/main.o
 .debug_macro   0x000000000001fc22      0x15a ./Core/Src/main.o
 .debug_macro   0x000000000001fd7c       0xea ./Core/Src/main.o
 .debug_macro   0x000000000001fe66       0x28 ./Core/Src/main.o
 .debug_macro   0x000000000001fe8e       0x1f ./Core/Src/main.o
 .debug_macro   0x000000000001fead       0x12 ./Core/Src/main.o
 .debug_macro   0x000000000001febf      0x52d ./Core/Src/main.o
 .debug_macro   0x00000000000203ec       0xc3 ./Core/Src/main.o
 .debug_macro   0x00000000000204af      0x120 ./Core/Src/main.o
 .debug_macro   0x00000000000205cf      0x1dd ./Core/Src/stm32f4xx_hal_msp.o
 .debug_macro   0x00000000000207ac      0x1ce ./Core/Src/stm32f4xx_hal_timebase_tim.o
 .debug_macro   0x000000000002097a      0x1e7 ./Core/Src/stm32f4xx_it.o
 .debug_macro   0x0000000000020b61      0x1ce ./Core/Src/system_stm32f4xx.o
 .debug_macro   0x0000000000020d2f      0x22e ./Drivers/STM32F4xx_HAL_Driver/Src/stm32f4xx_hal.o
 .debug_macro   0x0000000000020f5d      0x1ce ./Drivers/STM32F4xx_HAL_Driver/Src/stm32f4xx_hal_cortex.o
 .debug_macro   0x000000000002112b      0x1d4 ./Drivers/STM32F4xx_HAL_Driver/Src/stm32f4xx_hal_dma.o
 .debug_macro   0x00000000000212ff      0x1d4 ./Drivers/STM32F4xx_HAL_Driver/Src/stm32f4xx_hal_gpio.o
 .debug_macro   0x00000000000214d3      0x1f2 ./Drivers/STM32F4xx_HAL_Driver/Src/stm32f4xx_hal_rcc.o
 .debug_macro   0x00000000000216c5      0x1cf ./Drivers/STM32F4xx_HAL_Driver/Src/stm32f4xx_hal_tim.o
 .debug_macro   0x0000000000021894      0x1ce ./Drivers/STM32F4xx_HAL_Driver/Src/stm32f4xx_hal_tim_ex.o
 .debug_macro   0x0000000000021a62      0x1cf ./Drivers/STM32F4xx_HAL_Driver/Src/stm32f4xx_hal_uart.o
 .debug_macro   0x0000000000021c31      0x198 ./ThirdParty/FreeRTOS/list.o
 .debug_macro   0x0000000000021dc9      0x22f ./ThirdParty/FreeRTOS/queue.o
 .debug_macro   0x0000000000021ff8       0x16 ./ThirdParty/FreeRTOS/queue.o
 .debug_macro   0x000000000002200e       0x80 ./ThirdParty/FreeRTOS/queue.o
 .debug_macro   0x000000000002208e      0x27e ./ThirdParty/FreeRTOS/tasks.o
 .debug_macro   0x000000000002230c       0x17 ./ThirdParty/FreeRTOS/tasks.o
 .debug_macro   0x0000000000022323      0x1e7 ./ThirdParty/FreeRTOS/timers.o
 .debug_macro   0x000000000002250a       0x97 ./ThirdParty/FreeRTOS/timers.o
 .debug_macro   0x00000000000225a1      0x1a7 ./ThirdParty/FreeRTOS/portable/GCC/ARM_CM4F/port.o
 .debug_macro   0x0000000000022748      0x219 ./ThirdParty/FreeRTOS/portable/MemMang/heap_4.o

.debug_line     0x0000000000000000    0x13c5c
 .debug_line    0x0000000000000000      0xccb ./Core/Src/main.o
 .debug_line    0x0000000000000ccb      0x762 ./Core/Src/stm32f4xx_hal_msp.o
 .debug_line    0x000000000000142d      0x73f ./Core/Src/stm32f4xx_hal_timebase_tim.o
 .debug_line    0x0000000000001b6c      0x7a8 ./Core/Src/stm32f4xx_it.o
 .debug_line    0x0000000000002314      0x745 ./Core/Src/system_stm32f4xx.o
 .debug_line    0x0000000000002a59       0x88 ./Core/Startup/startup_stm32f407vgtx.o
 .debug_line    0x0000000000002ae1      0x9ab ./Drivers/STM32F4xx_HAL_Driver/Src/stm32f4xx_hal.o
 .debug_line    0x000000000000348c      0xc5a ./Drivers/STM32F4xx_HAL_Driver/Src/stm32f4xx_hal_cortex.o
 .debug_line    0x00000000000040e6      0xf0f ./Drivers/STM32F4xx_HAL_Driver/Src/stm32f4xx_hal_dma.o
 .debug_line    0x0000000000004ff5      0xb1f ./Drivers/STM32F4xx_HAL_Driver/Src/stm32f4xx_hal_gpio.o
 .debug_line    0x0000000000005b14      0xd27 ./Drivers/STM32F4xx_HAL_Driver/Src/stm32f4xx_hal_rcc.o
 .debug_line    0x000000000000683b     0x369f ./Drivers/STM32F4xx_HAL_Driver/Src/stm32f4xx_hal_tim.o
 .debug_line    0x0000000000009eda     0x19a8 ./Drivers/STM32F4xx_HAL_Driver/Src/stm32f4xx_hal_tim_ex.o
 .debug_line    0x000000000000b882     0x2a50 ./Drivers/STM32F4xx_HAL_Driver/Src/stm32f4xx_hal_uart.o
 .debug_line    0x000000000000e2d2      0x74b ./ThirdParty/FreeRTOS/list.o
 .debug_line    0x000000000000ea1d     0x1657 ./ThirdParty/FreeRTOS/queue.o
 .debug_line    0x0000000000010074     0x1d7f ./ThirdParty/FreeRTOS/tasks.o
 .debug_line    0x0000000000011df3      0xc6d ./ThirdParty/FreeRTOS/timers.o
 .debug_line    0x0000000000012a60      0x82d ./ThirdParty/FreeRTOS/portable/GCC/ARM_CM4F/port.o
 .debug_line    0x000000000001328d      0x9cf ./ThirdParty/FreeRTOS/portable/MemMang/heap_4.o

.debug_str      0x0000000000000000    0xd47b7
 .debug_str     0x0000000000000000    0xcd801 ./Core/Src/main.o
                                      0xcdbbe (size before relaxing)
 .debug_str     0x00000000000cd801       0x96 ./Core/Src/stm32f4xx_hal_msp.o
                                      0xc4889 (size before relaxing)
 .debug_str     0x00000000000cd897      0x107 ./Core/Src/stm32f4xx_hal_timebase_tim.o
                                      0xc4320 (size before relaxing)
 .debug_str     0x00000000000cd99e      0x122 ./Core/Src/stm32f4xx_it.o
                                      0xc4518 (size before relaxing)
 .debug_str     0x00000000000cdac0       0xdb ./Core/Src/system_stm32f4xx.o
                                      0xc3829 (size before relaxing)
 .debug_str     0x00000000000cdb9b       0x36 ./Core/Startup/startup_stm32f407vgtx.o
                                         0x64 (size before relaxing)
 .debug_str     0x00000000000cdbd1      0x5d3 ./Drivers/STM32F4xx_HAL_Driver/Src/stm32f4xx_hal.o
                                      0xc43ad (size before relaxing)
 .debug_str     0x00000000000ce1a4      0x326 ./Drivers/STM32F4xx_HAL_Driver/Src/stm32f4xx_hal_cortex.o
                                      0xc40e0 (size before relaxing)
 .debug_str     0x00000000000ce4ca      0x2f4 ./Drivers/STM32F4xx_HAL_Driver/Src/stm32f4xx_hal_dma.o
                                      0xc3c43 (size before relaxing)
 .debug_str     0x00000000000ce7be      0x10e ./Drivers/STM32F4xx_HAL_Driver/Src/stm32f4xx_hal_gpio.o
                                      0xc39a4 (size before relaxing)
 .debug_str     0x00000000000ce8cc      0x1fd ./Drivers/STM32F4xx_HAL_Driver/Src/stm32f4xx_hal_rcc.o
                                      0xc3c5d (size before relaxing)
 .debug_str     0x00000000000ceac9      0xe3c ./Drivers/STM32F4xx_HAL_Driver/Src/stm32f4xx_hal_tim.o
                                      0xc4ba3 (size before relaxing)
 .debug_str     0x00000000000cf905      0x503 ./Drivers/STM32F4xx_HAL_Driver/Src/stm32f4xx_hal_tim_ex.o
                                      0xc43bf (size before relaxing)
 .debug_str     0x00000000000cfe08      0x5d5 ./Drivers/STM32F4xx_HAL_Driver/Src/stm32f4xx_hal_uart.o
                                      0xc41fc (size before relaxing)
 .debug_str     0x00000000000d03dd      0x265 ./ThirdParty/FreeRTOS/list.o
                                       0xacc6 (size before relaxing)
 .debug_str     0x00000000000d0642     0x13cb ./ThirdParty/FreeRTOS/queue.o
                                       0xd3c5 (size before relaxing)
 .debug_str     0x00000000000d1a0d     0x1ab9 ./ThirdParty/FreeRTOS/tasks.o
                                       0xddd7 (size before relaxing)
 .debug_str     0x00000000000d34c6      0x544 ./ThirdParty/FreeRTOS/timers.o
                                       0xd545 (size before relaxing)
 .debug_str     0x00000000000d3a0a      0x7d6 ./ThirdParty/FreeRTOS/portable/GCC/ARM_CM4F/port.o
                                       0x9835 (size before relaxing)
 .debug_str     0x00000000000d41e0      0x5d7 ./ThirdParty/FreeRTOS/portable/MemMang/heap_4.o
                                       0xc4f0 (size before relaxing)

.comment        0x0000000000000000       0x50
 .comment       0x0000000000000000       0x50 ./Core/Src/main.o
                                         0x51 (size before relaxing)
 .comment       0x0000000000000050       0x51 ./Core/Src/stm32f4xx_hal_msp.o
 .comment       0x0000000000000050       0x51 ./Core/Src/stm32f4xx_hal_timebase_tim.o
 .comment       0x0000000000000050       0x51 ./Core/Src/stm32f4xx_it.o
 .comment       0x0000000000000050       0x51 ./Core/Src/system_stm32f4xx.o
 .comment       0x0000000000000050       0x51 ./Drivers/STM32F4xx_HAL_Driver/Src/stm32f4xx_hal.o
 .comment       0x0000000000000050       0x51 ./Drivers/STM32F4xx_HAL_Driver/Src/stm32f4xx_hal_cortex.o
 .comment       0x0000000000000050       0x51 ./Drivers/STM32F4xx_HAL_Driver/Src/stm32f4xx_hal_dma.o
 .comment       0x0000000000000050       0x51 ./Drivers/STM32F4xx_HAL_Driver/Src/stm32f4xx_hal_gpio.o
 .comment       0x0000000000000050       0x51 ./Drivers/STM32F4xx_HAL_Driver/Src/stm32f4xx_hal_rcc.o
 .comment       0x0000000000000050       0x51 ./Drivers/STM32F4xx_HAL_Driver/Src/stm32f4xx_hal_tim.o
 .comment       0x0000000000000050       0x51 ./Drivers/STM32F4xx_HAL_Driver/Src/stm32f4xx_hal_tim_ex.o
 .comment       0x0000000000000050       0x51 ./Drivers/STM32F4xx_HAL_Driver/Src/stm32f4xx_hal_uart.o
 .comment       0x0000000000000050       0x51 ./ThirdParty/FreeRTOS/list.o
 .comment       0x0000000000000050       0x51 ./ThirdParty/FreeRTOS/queue.o
 .comment       0x0000000000000050       0x51 ./ThirdParty/FreeRTOS/tasks.o
 .comment       0x0000000000000050       0x51 ./ThirdParty/FreeRTOS/timers.o
 .comment       0x0000000000000050       0x51 ./ThirdParty/FreeRTOS/portable/GCC/ARM_CM4F/port.o
 .comment       0x0000000000000050       0x51 ./ThirdParty/FreeRTOS/portable/MemMang/heap_4.o

.debug_frame    0x0000000000000000     0x48a4
 .debug_frame   0x0000000000000000      0x138 ./Core/Src/main.o
 .debug_frame   0x0000000000000138       0x80 ./Core/Src/stm32f4xx_hal_msp.o
 .debug_frame   0x00000000000001b8       0x74 ./Core/Src/stm32f4xx_hal_timebase_tim.o
 .debug_frame   0x000000000000022c      0x118 ./Core/Src/stm32f4xx_it.o
 .debug_frame   0x0000000000000344       0x58 ./Core/Src/system_stm32f4xx.o
 .debug_frame   0x000000000000039c      0x374 ./Drivers/STM32F4xx_HAL_Driver/Src/stm32f4xx_hal.o
 .debug_frame   0x0000000000000710      0x498 ./Drivers/STM32F4xx_HAL_Driver/Src/stm32f4xx_hal_cortex.o
 .debug_frame   0x0000000000000ba8      0x250 ./Drivers/STM32F4xx_HAL_Driver/Src/stm32f4xx_hal_dma.o
 .debug_frame   0x0000000000000df8      0x14c ./Drivers/STM32F4xx_HAL_Driver/Src/stm32f4xx_hal_gpio.o
 .debug_frame   0x0000000000000f44      0x1f4 ./Drivers/STM32F4xx_HAL_Driver/Src/stm32f4xx_hal_rcc.o
 .debug_frame   0x0000000000001138     0x11c4 ./Drivers/STM32F4xx_HAL_Driver/Src/stm32f4xx_hal_tim.o
 .debug_frame   0x00000000000022fc      0x638 ./Drivers/STM32F4xx_HAL_Driver/Src/stm32f4xx_hal_tim_ex.o
 .debug_frame   0x0000000000002934      0x92c ./Drivers/STM32F4xx_HAL_Driver/Src/stm32f4xx_hal_uart.o
 .debug_frame   0x0000000000003260       0xd8 ./ThirdParty/FreeRTOS/list.o
 .debug_frame   0x0000000000003338      0x530 ./ThirdParty/FreeRTOS/queue.o
 .debug_frame   0x0000000000003868      0x8a8 ./ThirdParty/FreeRTOS/tasks.o
 .debug_frame   0x0000000000004110      0x3c8 ./ThirdParty/FreeRTOS/timers.o
 .debug_frame   0x00000000000044d8      0x1a8 ./ThirdParty/FreeRTOS/portable/GCC/ARM_CM4F/port.o
 .debug_frame   0x0000000000004680      0x150 ./ThirdParty/FreeRTOS/portable/MemMang/heap_4.o
 .debug_frame   0x00000000000047d0       0x2c c:/st/stm32cubeide_1.10.1/stm32cubeide/plugins/com.st.stm32cube.ide.mcu.externaltools.gnu-tools-for-stm32.10.3-2021.10.win32_1.0.200.202301161003/tools/bin/../lib/gcc/arm-none-eabi/10.3.1/../../../../arm-none-eabi/lib/thumb/v7e-m+fp/hard\libc_nano.a(lib_a-init.o)
 .debug_frame   0x00000000000047fc       0x28 c:/st/stm32cubeide_1.10.1/stm32cubeide/plugins/com.st.stm32cube.ide.mcu.externaltools.gnu-tools-for-stm32.10.3-2021.10.win32_1.0.200.202301161003/tools/bin/../lib/gcc/arm-none-eabi/10.3.1/../../../../arm-none-eabi/lib/thumb/v7e-m+fp/hard\libc_nano.a(lib_a-memcpy-stub.o)
 .debug_frame   0x0000000000004824       0x20 c:/st/stm32cubeide_1.10.1/stm32cubeide/plugins/com.st.stm32cube.ide.mcu.externaltools.gnu-tools-for-stm32.10.3-2021.10.win32_1.0.200.202301161003/tools/bin/../lib/gcc/arm-none-eabi/10.3.1/../../../../arm-none-eabi/lib/thumb/v7e-m+fp/hard\libc_nano.a(lib_a-memset.o)
 .debug_frame   0x0000000000004844       0x2c c:/st/stm32cubeide_1.10.1/stm32cubeide/plugins/com.st.stm32cube.ide.mcu.externaltools.gnu-tools-for-stm32.10.3-2021.10.win32_1.0.200.202301161003/tools/bin/../lib/gcc/arm-none-eabi/10.3.1/thumb/v7e-m+fp/hard\libgcc.a(_aeabi_uldivmod.o)
 .debug_frame   0x0000000000004870       0x34 c:/st/stm32cubeide_1.10.1/stm32cubeide/plugins/com.st.stm32cube.ide.mcu.externaltools.gnu-tools-for-stm32.10.3-2021.10.win32_1.0.200.202301161003/tools/bin/../lib/gcc/arm-none-eabi/10.3.1/thumb/v7e-m+fp/hard\libgcc.a(_udivmoddi4.o)
